Archive member included to satisfy reference by file (symbol)

RTAOS.lib(ActivateTask.o)     Rte_Lib.o (Os_ActivateTask)
RTAOS.lib(DispatchTask.o)     RTAOS.lib(ActivateTask.o) (Os_Dispatch)
RTAOS.lib(GetISRID.o)         Os_ErrorHook.o (Os_GetISRID)
RTAOS.lib(GetResource.o)      Rte_Lib.o (Os_GetResource)
RTAOS.lib(GetTaskID.o)        Os_ErrorHook.o (Os_GetTaskID)
RTAOS.lib(Os_Cfg.o)           RTAOS.lib(DispatchTask.o) (Os_RunningTask)
RTAOS.lib(Os_Cfg_Counters.o)  VECU_SystemClock_ISR.o (Os_IncrementCounter_Rte_TickCounter)
RTAOS.lib(Os_fsb.o)           RTAOS.lib(DispatchTask.o) (@Os_fsb@4)
RTAOS.lib(Os_SetJmp.o)        RTAOS.lib(DispatchTask.o) (Os_SetJmp)
RTAOS.lib(Os_Stack.o)         RTAOS.lib(Os_Cfg.o) (Os_GetSP)
RTAOS.lib(ReleaseResource.o)  Rte_Lib.o (Os_ReleaseResource)
RTAOS.lib(ResumeOSInterrupts.o)
                              Rte.o (Os_ResumeOSInterrupts)
RTAOS.lib(StartOS.o)          main.o (Os_StartOS)
RTAOS.lib(StartScheduleTableRel.o)
                              Rte_Lib.o (Os_StartScheduleTableRel)
RTAOS.lib(StopScheduleTable.o)
                              Rte_Lib.o (Os_StopScheduleTable)
RTAOS.lib(SuspendOSInterrupts.o)
                              Rte.o (Os_SuspendOSInterrupts)
RTAOS.lib(TerminateTask.o)    OsTask_0.o (Os_TerminateTask)
RTAOS.lib(vrtaAppMain.o)      C:/Program Files/ETAS/ISOLAR-EVE3.0/plugins/com.etas.evetools.toolsfolder_1.4.5/Tools/MinGW/bin/../lib/gcc/i686-w64-mingw32/4.9.2/../../../../i686-w64-mingw32/lib/../lib/crt2.o (main)
RTAOS.lib(vrtaCore.o)         RTAOS.lib(vrtaAppMain.o) (vrtaLoadVM)
RTAOS.lib(vrtaIdleHandling.o)
                              RTAOS.lib(vrtaCore.o) (vrtaRunIdleHandlers)
RTAOS.lib(vrtaLoggerDevice.o)
                              VirtualDevices.o (Logger::Logger(char*))
RTAOS.lib(vrtaOSMonitorDevice.o)
                              RTAOS.lib(vrtaAppMain.o) (EnableOsMonitor)
RTAOS.lib(vrtaSampleDevices.o)
                              EVE_SystemClock.o (vrtaBaseClock::Start())
RTAOS.lib(vrtaSystemClock.o)  RTAOS.lib(vrtaSampleDevices.o) (vrtaSystemClockSubscriber::vrtaSystemClockSubscriber())
RTAOS.lib(vrtaSystemClockDevice.o)
                              RTAOS.lib(vrtaSystemClock.o) (SystemClockTickUpdateNotification(unsigned int))
RTAOS.lib(GetStackValue.o)    RTAOS.lib(Os_Cfg.o) (Os_GetStackValue)
RTAOS.lib(Os_vectors.o)       RTAOS.lib(vrtaAppMain.o) (Os_InterruptVectorTable)
RTAOS.lib(Os_wrapper.o)       RTAOS.lib(Os_vectors.o) (Os_ISRWrapper)
RTAOS.lib(virtualDevice.o)    RTAOS.lib(vrtaOSMonitorDevice.o) (VirtualDevice::EventHandler(vrtaEvent&))
C:/Program Files/ETAS/ISOLAR-EVE3.0/plugins/com.etas.evetools.toolsfolder_1.4.5/Tools/MinGW/bin/../lib/gcc/i686-w64-mingw32/4.9.2/../../../../i686-w64-mingw32/lib/../lib/libwinmm.a(dasfs00150.o)
                              RTAOS.lib(vrtaSystemClock.o) (_imp__timeSetEvent@20)
C:/Program Files/ETAS/ISOLAR-EVE3.0/plugins/com.etas.evetools.toolsfolder_1.4.5/Tools/MinGW/bin/../lib/gcc/i686-w64-mingw32/4.9.2/../../../../i686-w64-mingw32/lib/../lib/libwinmm.a(dasfs00149.o)
                              RTAOS.lib(vrtaSystemClock.o) (_imp__timeKillEvent@4)
C:/Program Files/ETAS/ISOLAR-EVE3.0/plugins/com.etas.evetools.toolsfolder_1.4.5/Tools/MinGW/bin/../lib/gcc/i686-w64-mingw32/4.9.2/../../../../i686-w64-mingw32/lib/../lib/libwinmm.a(dasfs00144.o)
                              RTAOS.lib(vrtaSystemClock.o) (_imp__timeBeginPeriod@4)
C:/Program Files/ETAS/ISOLAR-EVE3.0/plugins/com.etas.evetools.toolsfolder_1.4.5/Tools/MinGW/bin/../lib/gcc/i686-w64-mingw32/4.9.2/../../../../i686-w64-mingw32/lib/../lib/libwinmm.a(dasfh.o)
                              C:/Program Files/ETAS/ISOLAR-EVE3.0/plugins/com.etas.evetools.toolsfolder_1.4.5/Tools/MinGW/bin/../lib/gcc/i686-w64-mingw32/4.9.2/../../../../i686-w64-mingw32/lib/../lib/libwinmm.a(dasfs00150.o) (_head_lib32_libwinmm_a)
C:/Program Files/ETAS/ISOLAR-EVE3.0/plugins/com.etas.evetools.toolsfolder_1.4.5/Tools/MinGW/bin/../lib/gcc/i686-w64-mingw32/4.9.2/../../../../i686-w64-mingw32/lib/../lib/libwinmm.a(dasft.o)
                              C:/Program Files/ETAS/ISOLAR-EVE3.0/plugins/com.etas.evetools.toolsfolder_1.4.5/Tools/MinGW/bin/../lib/gcc/i686-w64-mingw32/4.9.2/../../../../i686-w64-mingw32/lib/../lib/libwinmm.a(dasfh.o) (_lib32_libwinmm_a_iname)
C:/Program Files/ETAS/ISOLAR-EVE3.0/plugins/com.etas.evetools.toolsfolder_1.4.5/Tools/MinGW/bin/../lib/gcc/i686-w64-mingw32/4.9.2\libstdc++.a(class_type_info.o)
                              RTAOS.lib(vrtaCore.o) (vtable for __cxxabiv1::__class_type_info)
C:/Program Files/ETAS/ISOLAR-EVE3.0/plugins/com.etas.evetools.toolsfolder_1.4.5/Tools/MinGW/bin/../lib/gcc/i686-w64-mingw32/4.9.2\libstdc++.a(del_op.o)
                              EVE_SystemClock.o (operator delete(void*))
C:/Program Files/ETAS/ISOLAR-EVE3.0/plugins/com.etas.evetools.toolsfolder_1.4.5/Tools/MinGW/bin/../lib/gcc/i686-w64-mingw32/4.9.2\libstdc++.a(del_opv.o)
                              RTAOS.lib(vrtaSampleDevices.o) (operator delete[](void*))
[...]
Memory Configuration

Name             Origin             Length             Attributes
*default*        0x00000000         0xffffffff

Linker script and memory map

                0x00400000                __image_base__ = 0x400000
                0x00000000                __dll__ = 0x0
                0x00400000                ___ImageBase = 0x400000
                0x00001000                __section_alignment__ = 0x1000
                0x00000200                __file_alignment__ = 0x200
                0x00000004                __major_os_version__ = 0x4
                0x00000000                __minor_os_version__ = 0x0
                0x00000001                __major_image_version__ = 0x1
                0x00000000                __minor_image_version__ = 0x0
                0x00000004                __major_subsystem_version__ = 0x4
                0x00000000                __minor_subsystem_version__ = 0x0
                0x00000003                __subsystem__ = 0x3
                0x00200000                __size_of_stack_reserve__ = 0x200000
                0x00001000                __size_of_stack_commit__ = 0x1000
                0x00100000                __size_of_heap_reserve__ = 0x100000
                0x00001000                __size_of_heap_commit__ = 0x1000
                0x00000000                __loader_flags__ = 0x0
                0x00000000                __dll_characteristics__ = 0x0
LOAD C:/Program Files/ETAS/ISOLAR-EVE3.0/plugins/com.etas.evetools.toolsfolder_1.4.5/Tools/MinGW/bin/../lib/gcc/i686-w64-mingw32/4.9.2/../../../../i686-w64-mingw32/lib/../lib/crt2.o
LOAD C:/Program Files/ETAS/ISOLAR-EVE3.0/plugins/com.etas.evetools.toolsfolder_1.4.5/Tools/MinGW/bin/../lib/gcc/i686-w64-mingw32/4.9.2/crtbegin.o
LOAD BswTasks.o
LOAD EVE_SystemClock.o
LOAD main.o
LOAD Os_ErrorHook.o
LOAD Os_Hooks.o
LOAD OsTask_0.o
LOAD OsTask_1.o
LOAD Rte.o
LOAD Rte_Algo.o
LOAD Rte_BEA.o
LOAD Rte_EcuAbstraction.o
LOAD Rte_EEA.o
LOAD Rte_Lib.o
LOAD Rte_SensorSWComponent.o
LOAD target.o
LOAD VECU_SystemClock_ISR.o
LOAD VirtualDevices.o
LOAD Vrta_Cfg.o
LOAD RTAOS.lib
LOAD C:/Program Files/ETAS/ISOLAR-EVE3.0/plugins/com.etas.evetools.toolsfolder_1.4.5/Tools/MinGW/bin/../lib/gcc/i686-w64-mingw32/4.9.2/../../../../i686-w64-mingw32/lib/../lib/libwinmm.a
LOAD C:/Program Files/ETAS/ISOLAR-EVE3.0/plugins/com.etas.evetools.toolsfolder_1.4.5/Tools/MinGW/bin/../lib/gcc/i686-w64-mingw32/4.9.2/../../../../i686-w64-mingw32/lib/../lib/libws2_32.a
LOAD C:/Program Files/ETAS/ISOLAR-EVE3.0/plugins/com.etas.evetools.toolsfolder_1.4.5/Tools/MinGW/bin/../lib/gcc/i686-w64-mingw32/4.9.2\libstdc++.a
LOAD C:/Program Files/ETAS/ISOLAR-EVE3.0/plugins/com.etas.evetools.toolsfolder_1.4.5/Tools/MinGW/bin/../lib/gcc/i686-w64-mingw32/4.9.2/../../../../i686-w64-mingw32/lib/../lib/libmingw32.a
LOAD C:/Program Files/ETAS/ISOLAR-EVE3.0/plugins/com.etas.evetools.toolsfolder_1.4.5/Tools/MinGW/bin/../lib/gcc/i686-w64-mingw32/4.9.2/libgcc.a
LOAD C:/Program Files/ETAS/ISOLAR-EVE3.0/plugins/com.etas.evetools.toolsfolder_1.4.5/Tools/MinGW/bin/../lib/gcc/i686-w64-mingw32/4.9.2/libgcc_eh.a
LOAD C:/Program Files/ETAS/ISOLAR-EVE3.0/plugins/com.etas.evetools.toolsfolder_1.4.5/Tools/MinGW/bin/../lib/gcc/i686-w64-mingw32/4.9.2/../../../../i686-w64-mingw32/lib/../lib/libmoldname.a
LOAD C:/Program Files/ETAS/ISOLAR-EVE3.0/plugins/com.etas.evetools.toolsfolder_1.4.5/Tools/MinGW/bin/../lib/gcc/i686-w64-mingw32/4.9.2/../../../../i686-w64-mingw32/lib/../lib/libmingwex.a
LOAD C:/Program Files/ETAS/ISOLAR-EVE3.0/plugins/com.etas.evetools.toolsfolder_1.4.5/Tools/MinGW/bin/../lib/gcc/i686-w64-mingw32/4.9.2/../../../../i686-w64-mingw32/lib/../lib/libmsvcrt.a
LOAD C:/Program Files/ETAS/ISOLAR-EVE3.0/plugins/com.etas.evetools.toolsfolder_1.4.5/Tools/MinGW/bin/../lib/gcc/i686-w64-mingw32/4.9.2/../../../../i686-w64-mingw32/lib/../lib/libadvapi32.a
LOAD C:/Program Files/ETAS/ISOLAR-EVE3.0/plugins/com.etas.evetools.toolsfolder_1.4.5/Tools/MinGW/bin/../lib/gcc/i686-w64-mingw32/4.9.2/../../../../i686-w64-mingw32/lib/../lib/libshell32.a
LOAD C:/Program Files/ETAS/ISOLAR-EVE3.0/plugins/com.etas.evetools.toolsfolder_1.4.5/Tools/MinGW/bin/../lib/gcc/i686-w64-mingw32/4.9.2/../../../../i686-w64-mingw32/lib/../lib/libuser32.a
LOAD C:/Program Files/ETAS/ISOLAR-EVE3.0/plugins/com.etas.evetools.toolsfolder_1.4.5/Tools/MinGW/bin/../lib/gcc/i686-w64-mingw32/4.9.2/../../../../i686-w64-mingw32/lib/../lib/libkernel32.a
LOAD C:/Program Files/ETAS/ISOLAR-EVE3.0/plugins/com.etas.evetools.toolsfolder_1.4.5/Tools/MinGW/bin/../lib/gcc/i686-w64-mingw32/4.9.2/../../../../i686-w64-mingw32/lib/../lib/libiconv.a
LOAD C:/Program Files/ETAS/ISOLAR-EVE3.0/plugins/com.etas.evetools.toolsfolder_1.4.5/Tools/MinGW/bin/../lib/gcc/i686-w64-mingw32/4.9.2/../../../../i686-w64-mingw32/lib/../lib/libmingw32.a
LOAD C:/Program Files/ETAS/ISOLAR-EVE3.0/plugins/com.etas.evetools.toolsfolder_1.4.5/Tools/MinGW/bin/../lib/gcc/i686-w64-mingw32/4.9.2/libgcc.a
LOAD C:/Program Files/ETAS/ISOLAR-EVE3.0/plugins/com.etas.evetools.toolsfolder_1.4.5/Tools/MinGW/bin/../lib/gcc/i686-w64-mingw32/4.9.2/libgcc_eh.a
LOAD C:/Program Files/ETAS/ISOLAR-EVE3.0/plugins/com.etas.evetools.toolsfolder_1.4.5/Tools/MinGW/bin/../lib/gcc/i686-w64-mingw32/4.9.2/../../../../i686-w64-mingw32/lib/../lib/libmoldname.a
LOAD C:/Program Files/ETAS/ISOLAR-EVE3.0/plugins/com.etas.evetools.toolsfolder_1.4.5/Tools/MinGW/bin/../lib/gcc/i686-w64-mingw32/4.9.2/../../../../i686-w64-mingw32/lib/../lib/libmingwex.a
LOAD C:/Program Files/ETAS/ISOLAR-EVE3.0/plugins/com.etas.evetools.toolsfolder_1.4.5/Tools/MinGW/bin/../lib/gcc/i686-w64-mingw32/4.9.2/../../../../i686-w64-mingw32/lib/../lib/libmsvcrt.a
LOAD C:/Program Files/ETAS/ISOLAR-EVE3.0/plugins/com.etas.evetools.toolsfolder_1.4.5/Tools/MinGW/bin/../lib/gcc/i686-w64-mingw32/4.9.2/crtend.o
                0x000003f8                . = SIZEOF_HEADERS
                0x00001000                . = ALIGN (__section_alignment__)

.text           0x00401000    0x1e200
 *(.init)
 *(.text)
 .text          0x00401000      0x500 C:/Program Files/ETAS/ISOLAR-EVE3.0/plugins/com.etas.evetools.toolsfolder_1.4.5/Tools/MinGW/bin/../lib/gcc/i686-w64-mingw32/4.9.2/../../../../i686-w64-mingw32/lib/../lib/crt2.o
                0x004014c0                WinMainCRTStartup
                0x004014e0                mainCRTStartup
 .text          0x00401500      0x110 C:/Program Files/ETAS/ISOLAR-EVE3.0/plugins/com.etas.evetools.toolsfolder_1.4.5/Tools/MinGW/bin/../lib/gcc/i686-w64-mingw32/4.9.2/crtbegin.o
                0x00401500                __gcc_register_frame
                0x004015b0                __gcc_deregister_frame
 .text          0x00401610        0x0 BswTasks.o
 .text          0x00401610      0x1a0 EVE_SystemClock.o
                0x00401610                VECU_SystemClock_Init
                0x0040167c                VECU_SystemClock_Start
                0x004016c0                VECU_SystemClock_GetValue
 .text          0x004017b0       0x44 main.o
                0x004017b0                StartAUTOSAR
                0x004017e0                vrta_app_main
 .text          0x004017f4       0x3c Os_ErrorHook.o
                0x004017f4                ErrorHook
 .text          0x00401830       0x7c Os_Hooks.o
                0x00401830                StartupHook
                0x0040183d                ShutdownHook
                0x0040184b                Os_Cbk_Idle
                0x00401884                Os_Cbk_GetStopwatch
                0x00401897                Os_Cbk_CheckMemoryAccess
 .text          0x004018ac       0x14 OsTask_0.o
                0x004018ac                Os_Entry_OsTask_0
 .text          0x004018c0       0x14 OsTask_1.o
                0x004018c0                Os_Entry_OsTask_1
 .text          0x004018d4      0x214 Rte.o
                0x004018d4                Rte_Call_Algo_BrakeValue_RPort_ClientServerOperation_Brake
                0x00401934                Rte_Write_Algo_Engine_PPort_Throttle
                0x00401963                Rte_Call_BEA_BrakeValueTOECU_RPort_ClientServerOperation_Brake
                0x004019c3                Rte_Call_EEA_ThrottleToECU_RPort_ClientServerOperation_Throttle
                0x004019ea                Rte_Read_EEA_Throttle_RPort_Throttle
                0x00401a05                Rte_Call_SensorSWComponent_SensorTOAlgo_RPort_ClientServerOperation_Sensor
                0x00401aa1                Rte_Call_SensorSWComponent_Sensor_RPort_ClientServerOperation_Sensor
 .text          0x00401ae8      0x398 Rte_Algo.o
                0x00401ae8                RunnableEntity_Send_func
 .text          0x00401e80       0x58 Rte_BEA.o
                0x00401e80                RunnableEntity_BEA_Receive_func
 .text          0x00401ed8      0x14c Rte_EcuAbstraction.o
                0x00401ed8                RunnableEntity_EcuAbstraction_Receive_func
                0x00401f72                RunnableEntity_WheelSpeed_func
                0x00401fea                RunnableEntity_Throttle_func
 .text          0x00402024       0x24 Rte_EEA.o
                0x00402024                RunnableEntity_EEA_Receive_func
 .text          0x00402048      0x360 Rte_Lib.o
                0x00402048                Rte_ActivateRE
                0x00402094                Rte_DecrementWaitingCount
                0x004020a2                Rte_GetCurrentTaskIndex
                0x004020ac                Rte_MainFunction
                0x004020b1                Rte_ReadQueue
                0x00402169                Rte_SetEvent
                0x00402179                Rte_Start
                0x004021ac                Rte_Stop
                0x004021d7                SchM_Init
                0x004021ee                SchM_Deinit
                0x00402205                Rte_WaitWithTimeout
                0x0040220f                Rte_WriteQueue
 .text          0x004023a8       0xa0 Rte_SensorSWComponent.o
                0x004023a8                RunnableEntity_WheelSpeedPlausi_Receive_func
 .text          0x00402448       0x78 target.o
                0x00402448                InitializeDevices()
                0x00402455                TargetInit
                0x00402462                TargetEnableInterrupts
                0x004024b2                TargetReadClock
 .text          0x004024c0       0x54 VECU_SystemClock_ISR.o
                0x004024c0                Os_Entry_VECU_SystemClock_ISR
 .text          0x00402514      0x24c VirtualDevices.o
                0x00402514                DLWheelSpeedValue
                0x00402523                DRWheelSpeedValue
                0x00402532                ULWheelSpeedValue
                0x00402541                URWheelSpeedValue
                0x00402550                CarSpeedValue
                0x0040255f                SteeringAngleValue
                0x0040256e                GyroValue
                0x0040257d                setActuatorLevel
                0x00402598                setBrakeActuatorLevel
                0x004025ec                status_printf
 .text          0x00402760       0xd4 Vrta_Cfg.o
                0x00402760                vrtaActionHandler
                0x004027d8                EnableVrtaFlash
                0x004027e5                EnableVrtaPort
                0x004027f2                EnableVrtaAdc
                0x004027ff                EnableVrtaPwm
                0x0040280c                EnableVrtaIcu
                0x00402819                EnableVrtaCan
                0x00402826                EnableVrtaCanTrcv
 *fill*         0x00402834        0xc 
 .text          0x00402840       0xd0 RTAOS.lib(ActivateTask.o)
                0x00402840                Os_ActivateTask
 .text          0x00402910      0x200 RTAOS.lib(DispatchTask.o)
                0x00402910                Os_Dispatch
 .text          0x00402b10       0x20 RTAOS.lib(GetISRID.o)
                0x00402b10                Os_GetISRID
 .text          0x00402b30       0x80 RTAOS.lib(GetResource.o)
                0x00402b30                Os_GetResource
 .text          0x00402bb0       0x20 RTAOS.lib(GetTaskID.o)
                0x00402bb0                Os_GetTaskID
 .text          0x00402bd0      0x100 RTAOS.lib(Os_Cfg.o)
                0x00402bd0                Os_StartOS_DataInit
                0x00402cc0                Os_StartOS_StartAuto
 .text          0x00402cd0      0x250 RTAOS.lib(Os_Cfg_Counters.o)
                0x00402cd0                Os_CounterRelativeStart
                0x00402d00                Os_ActivateTaskKL
                0x00402e80                Os_IncrementCounter_Rte_TickCounter
 .text          0x00402f20       0x10 RTAOS.lib(Os_fsb.o)
                0x00402f20                @Os_fsb@4
 .text          0x00402f30       0x40 RTAOS.lib(Os_SetJmp.o)
                0x00402f30                Os_SetJmp
                0x00402f50                Os_LongJmp
 .text          0x00402f70       0x40 RTAOS.lib(Os_Stack.o)
                0x00402f70                Os_GetSP
                0x00402f80                Os_ExtendStack
 .text          0x00402fb0       0x70 RTAOS.lib(ReleaseResource.o)
                0x00402fb0                Os_ReleaseResource
 .text          0x00403020       0x50 RTAOS.lib(ResumeOSInterrupts.o)
                0x00403020                Os_ResumeOSInterrupts
 .text          0x00403070       0x90 RTAOS.lib(StartOS.o)
                0x00403070                Os_StartOS
 .text          0x00403100       0x90 RTAOS.lib(StartScheduleTableRel.o)
                0x00403100                Os_StartScheduleTableRel
 .text          0x00403190       0x50 RTAOS.lib(StopScheduleTable.o)
                0x00403190                Os_StopScheduleTable
 .text          0x004031e0       0x70 RTAOS.lib(SuspendOSInterrupts.o)
                0x004031e0                Os_SuspendOSInterrupts
 .text          0x00403250       0x60 RTAOS.lib(TerminateTask.o)
                0x00403250                Os_TerminateTask
 .text          0x004032b0       0x70 RTAOS.lib(vrtaAppMain.o)
                0x004032b0                vrtaFireISR
 .text          0x00403320     0x1070 RTAOS.lib(vrtaCore.o)
                0x00403bd0                vrtaDevice::WriteToPersistentStorage(unsigned short*, unsigned char**)
                0x00403c20                vrtaDevice::ReadFromPersistentStorage(unsigned short*, unsigned char**)
                0x00403c90                vrtaReadHPTime
                0x00403d00                vrtaReadHPCycles
                0x00403d30                vrtaLoadVM
                0x00403d50                vrtaUnloadVM()
                0x00403d60                vrtaSendAction
                0x00403d70                vrtaRaiseEvent
                0x00403d80                vrtaGetState
                0x00403d90                vrtaEventRegister
                0x00403da0                vrtaEventUnregister
                0x00403db0                vrtaHookEvent
                0x00403dd0                vrtaHookEventNotifications
                0x00403de0                vrtaStart
                0x00403df0                vrtaStartCore
                0x00403e30                vrtaGetCoreICUID
                0x00403e60                vrtaTerminate
                0x00403ed0                vrtaReset
                0x00403ee0                vrtaEnterUninterruptibleSection
                0x00403ef0                vrtaLeaveUninterruptibleSection
                0x00403f00                vrtaEnterGlobalUninterruptibleSection
                0x00403f20                vrtaLeaveGlobalUninterruptibleSection
                0x00403f40                vrtaIsIdle
                0x00403fb0                vrtaLowPowerIdleEnable
                0x00403fc0                vrtaLowPowerIdleEnabled
                0x00403fd0                vrtaLowPowerIdle
                0x00404000                vrtaYield
                0x00404030                vrtaSpawnThread
                0x00404040                vrtaInitialize
                0x00404070                vrtaAddCore
                0x004040a0                vrtaGetCoreID
                0x004040c0                vrtaRegisterVirtualDevice
                0x004040d0                vrtaIsAppThread
                0x004040e0                vrtaIsAppFinished
                0x004040f0                vrtaIsAppRunning
                0x00404100                vrtaNoneUserThread
                0x00404110                vrtaCoreCount
                0x00404130                vrtaOSGetUserStackBase
                0x00404140                vrtaOSSetInterruptDeferVar
                0x00404150                vrtaOSSetIPL
                0x00404160                vrtaOSGetIPL
                0x00404170                vrtaOSSetIrqMask
                0x00404180                vrtaOSClearIrqMask
                0x00404190                vrtaOSSetIrqPending
                0x004041a0                vrtaOSClearIrqPending
                0x004041b0                vrtaOSIsIrqPending
                0x004041c0                vrtaDevice::vrtaDevice(char*, char*, char*, char*)
                0x004041c0                vrtaDevice::vrtaDevice(char*, char*, char*, char*)
                0x00404260                vrtaDevice::AssignCore(unsigned short)
                0x00404280                vrtaDevice::RaiseEvent(vrtaEvent&)
                0x004042a0                vrtaDevice::GetState(unsigned short, vrtaEvent&)
                0x004042c0                vrtaDevice::SendAction(unsigned short, vrtaAction&)
                0x004042e0                vrtaDevice::RaiseInterrupt(unsigned int)
                0x00404360                vrtaDevice::SpawnThread(void (*)())
                0x00404380                vrtaDevice::PersistThroughReset(int)
 .text          0x00404390       0xb0 RTAOS.lib(vrtaIdleHandling.o)
                0x00404390                vrtaIdleSubscriber::vrtaIdleSubscriber()
                0x00404390                vrtaIdleSubscriber::vrtaIdleSubscriber()
                0x004043a0                vrtaIdleSubscriber::Subscribe(vrtaIdleSubscriber*)
                0x004043c0                vrtaRunIdleHandlers
 .text          0x00404440      0x980 RTAOS.lib(vrtaLoggerDevice.o)
                0x00404440                Logger::GetPersistentDataSize()
                0x00404450                Logger::GetPersistentData()
                0x00404460                Logger::Starting()
                0x00404590                Logger::SetPersistentData(unsigned char*, unsigned short)
                0x004045c0                Logger::AsyncGetState(vrtaEvent*)
                0x00404690                Logger::Logger(char*)
                0x00404690                Logger::Logger(char*)
                0x00404710                Logger::Logger(char*, Logger&)
                0x00404710                Logger::Logger(char*, Logger&)
                0x00404780                Logger::setfile(char*)
                0x00404890                Logger::Logger(char*, char*)
                0x00404890                Logger::Logger(char*, char*)
                0x00404910                Logger::setduplicate(char*)
                0x00404a20                Logger::Logger(char*, char*, char*)
                0x00404a20                Logger::Logger(char*, char*, char*)
                0x00404ab0                Logger::Stopping()
                0x00404ae0                Logger::UpdateText()
                0x00404be0                Logger::print(char*)
                0x00404c50                Logger::OnAction(vrtaAction const*)
                0x00404cb0                Logger::print(char*, unsigned int)
                0x00404d30                Logger::printf(char*, char*)
                0x00404d90                Logger::printf(char*, ...)
 .text          0x00404dc0       0x50 RTAOS.lib(vrtaOSMonitorDevice.o)
                0x00404dc0                OSIdleHandler::Idle(unsigned int)
                0x00404e00                EnableOsMonitor
 .text          0x00404e10     0x1ba0 RTAOS.lib(vrtaSampleDevices.o)
                0x00404e10                vrtaBaseClock::SetPersistentData(unsigned char*, unsigned short)
                0x00404e30                vrtaBaseClock::Starting()
                0x00404e40                vrtaClock::initialize_clock()
                0x00404e60                vrtaComparable::SetPersistentData(unsigned char*, unsigned short)
                0x00404e70                vrtaCounter::SetPersistentData(unsigned char*, unsigned short)
                0x00404ea0                vrtaCounter::Starting()
                0x00404eb0                vrtaCounter::Stopping()
                0x00404ec0                vrtaCompare::SetPersistentData(unsigned char*, unsigned short)
                0x00404ed0                vrtaCompare::OnAction(vrtaAction const*)
                0x00404f10                vrtaSensor::SetPersistentData(unsigned char*, unsigned short)
                0x00404f30                vrtaSensor::AsyncGetState(vrtaEvent*)
                0x00404f90                vrtaActuator::SetPersistentData(unsigned char*, unsigned short)
                0x00404fb0                vrtaActuator::AsyncGetState(vrtaEvent*)
                0x00405010                vrtaIO::GetPersistentDataSize()
                0x00405020                vrtaIO::GetPersistentData()
                0x00405030                vrtaIO::OnAction(vrtaAction const*)
                0x00405150                vrtaClock::ResetClock()
                0x004051c0                vrtaIO::Stopping()
                0x004051f0                vrtaIO::SetPersistentData(unsigned char*, unsigned short)
                0x00405230                vrtaIO::AsyncGetState(vrtaEvent*)
                0x004052e0                vrtaBaseClock::Tick()
                0x00405300                non-virtual thunk to vrtaBaseClock::Tick()
                0x00405310                vrtaAdaptiveClock::Tick()
                0x00405340                non-virtual thunk to vrtaAdaptiveClock::Tick()
                0x00405350                vrtaClock::Stopping()
                0x00405390                vrtaIO::Starting()
                0x004053f0                vrtaCounter::AsyncGetState(vrtaEvent*)
                0x00405450                vrtaCompare::AsyncGetState(vrtaEvent*)
                0x004054b0                vrtaBaseClock::Start()
                0x00405550                vrtaClock::Stop()
                0x00405600                vrtaBaseClock::AsyncGetState(vrtaEvent*)
                0x00405690                vrtaBaseClock::vrtaBaseClock(char*, unsigned int, char*, char*, char*, bool)
                0x00405690                vrtaBaseClock::vrtaBaseClock(char*, unsigned int, char*, char*, char*, bool)
                0x00405700                vrtaBaseClock::vrtaBaseClock(char*, unsigned int, bool)
                0x00405700                vrtaBaseClock::vrtaBaseClock(char*, unsigned int, bool)
                0x00405770                vrtaBaseClock::~vrtaBaseClock()
                0x00405770                vrtaBaseClock::~vrtaBaseClock()
                0x004057c0                non-virtual thunk to vrtaBaseClock::~vrtaBaseClock()
                0x004057d0                vrtaBaseClock::~vrtaBaseClock()
                0x004057f0                non-virtual thunk to vrtaBaseClock::~vrtaBaseClock()
                0x00405800                vrtaBaseClock::SetInterval(unsigned int)
                0x004058a0                vrtaBaseClock::SetScale(unsigned int, unsigned int)
                0x00405980                vrtaBaseClock::OnAction(vrtaAction const*)
                0x00405a10                vrtaAdaptiveClock::OnAction(vrtaAction const*)
                0x00405a50                vrtaClock::vrtaClock(char*, unsigned int, bool)
                0x00405a50                vrtaClock::vrtaClock(char*, unsigned int, bool)
                0x00405ab0                vrtaClock::vrtaClock(char*, unsigned int, char*, char*, char*, bool)
                0x00405ab0                vrtaClock::vrtaClock(char*, unsigned int, char*, char*, char*, bool)
                0x00405b20                vrtaAdaptiveClock::vrtaAdaptiveClock(char*, unsigned int, bool)
                0x00405b20                vrtaAdaptiveClock::vrtaAdaptiveClock(char*, unsigned int, bool)
                0x00405ba0                vrtaAdaptiveClock::InjectTick()
                0x00405bf0                vrtaCounter::vrtaCounter(char*, char*, vrtaBaseClock&)
                0x00405bf0                vrtaCounter::vrtaCounter(char*, char*, vrtaBaseClock&)
                0x00405c60                vrtaCounter::Start()
                0x00405c70                vrtaCounter::Stop()
                0x00405c80                vrtaCompare::vrtaCompare(char*, vrtaComparable&, unsigned int, unsigned int)
                0x00405c80                vrtaCompare::vrtaCompare(char*, vrtaComparable&, unsigned int, unsigned int)
                0x00405ce0                vrtaCompare::SetMatch(unsigned int)
                0x00405cf0                vrtaCompare::SetVector(unsigned int)
                0x00405d00                vrtaCompare::NewValue(unsigned int)
                0x00405de0                vrtaComparable::CheckComparators()
                0x00405e00                vrtaCounter::SetMin(unsigned int)
                0x00405e60                vrtaCounter::SetMax(unsigned int)
                0x00405ec0                vrtaCounter::OnAction(vrtaAction const*)
                0x00405fd0                vrtaCounter::SetVal(unsigned int)
                0x00406030                vrtaUpCounter::Tick()
                0x004060a0                vrtaDownCounter::Tick()
                0x00406110                vrtaSensor::SetVal(unsigned int)
                0x004061c0                vrtaActuator::SetVal(unsigned int)
                0x00406270                vrtaSensor::vrtaSensor(char*)
                0x00406270                vrtaSensor::vrtaSensor(char*)
                0x004062c0                vrtaSensor::vrtaSensor(char*, char*, char*, char*)
                0x004062c0                vrtaSensor::vrtaSensor(char*, char*, char*, char*)
                0x00406310                vrtaSensor::SetMax(unsigned int)
                0x00406430                vrtaSensor::OnAction(vrtaAction const*)
                0x00406490                vrtaSensorToggleSwitch::vrtaSensorToggleSwitch(char*)
                0x00406490                vrtaSensorToggleSwitch::vrtaSensorToggleSwitch(char*)
                0x004064e0                vrtaSensorMultiwaySwitch::vrtaSensorMultiwaySwitch(char*, unsigned int)
                0x004064e0                vrtaSensorMultiwaySwitch::vrtaSensorMultiwaySwitch(char*, unsigned int)
                0x00406530                vrtaActuator::vrtaActuator(char*)
                0x00406530                vrtaActuator::vrtaActuator(char*)
                0x00406580                vrtaActuator::vrtaActuator(char*, char*)
                0x00406580                vrtaActuator::vrtaActuator(char*, char*)
                0x004065d0                vrtaActuator::SetMax(unsigned int)
                0x004066f0                vrtaActuator::OnAction(vrtaAction const*)
                0x00406750                vrtaActuatorLight::vrtaActuatorLight(char*)
                0x00406750                vrtaActuatorLight::vrtaActuatorLight(char*)
                0x004067a0                vrtaActuatorDimmableLight::vrtaActuatorDimmableLight(char*, unsigned int)
                0x004067a0                vrtaActuatorDimmableLight::vrtaActuatorDimmableLight(char*, unsigned int)
                0x004067f0                vrtaActuatorMultiColorLight::vrtaActuatorMultiColorLight(char*, unsigned int)
                0x004067f0                vrtaActuatorMultiColorLight::vrtaActuatorMultiColorLight(char*, unsigned int)
                0x00406840                vrtaIO::vrtaIO(char*, unsigned int)
                0x00406840                vrtaIO::vrtaIO(char*, unsigned int)
                0x00406890                vrtaIO::vrtaIO(char*, unsigned int, char*, char*, char*)
                0x00406890                vrtaIO::vrtaIO(char*, unsigned int, char*, char*, char*)
                0x004068e0                vrtaIO::Init(unsigned int)
                0x00406900                vrtaIO::SetValue(unsigned int, unsigned int)
                0x00406920                vrtaIO::SetValues(unsigned int, unsigned int const*, unsigned int)
                0x00406970                vrtaIO::GetValue(unsigned int) const
                0x004069a0                vrtaIO::GetValues() const
 .text          0x004069b0      0xd40 RTAOS.lib(vrtaSystemClock.o)
                0x00406ba0                vrtaSystemClockSubscriber::vrtaSystemClockSubscriber()
                0x00406ba0                vrtaSystemClockSubscriber::vrtaSystemClockSubscriber()
                0x00406bc0                vrtaSystemClockType::vrtaSystemClockType()
                0x00406bc0                vrtaSystemClockType::vrtaSystemClockType()
                0x00406c80                vrtaSystemClockType::Scale()
                0x00406c90                vrtaSystemClockType::Scale(unsigned int)
                0x00406ce0                vrtaSystemClockType::Auto()
                0x00406d40                vrtaSystemClockType::IsAuto()
                0x00406d60                vrtaSystemClockType::ManualCanDoLowPower(bool)
                0x00406d80                vrtaSystemClockType::ManualCanDoLowPower()
                0x00406da0                vrtaSystemClockType::ManualFreezesOS(bool)
                0x00406db0                vrtaSystemClockType::Manual(unsigned int)
                0x00406df0                vrtaSystemClockType::ManualTicksRemaining()
                0x00406e00                vrtaSystemClockType::ManualTicksCompleted()
                0x00406e70                vrtaSystemClockType::IsManual()
                0x00406e80                vrtaSystemClockType::IdleTick()
                0x00406ee0                vrtaSystemClockType::IsIdleTicked()
                0x00406ef0                vrtaSystemClockType::Tick()
                0x00406f10                vrtaSystemClockType::Pause()
                0x00406f20                vrtaSystemClockType::IsPaused()
                0x00406f30                vrtaSystemClockType::Resume()
                0x00406f40                vrtaSystemClockType::MillisecondsCount()
                0x00406f50                vrtaSystemClockType::TickCount()
                0x00406f60                vrtaSystemClockType::Unsubscribe(vrtaSystemClockSubscriber*)
                0x00406ff0                vrtaSystemClockSubscriber::~vrtaSystemClockSubscriber()
                0x00406ff0                vrtaSystemClockSubscriber::~vrtaSystemClockSubscriber()
                0x00407020                vrtaSystemClockSubscriber::~vrtaSystemClockSubscriber()
                0x00407050                vrtaSystemClockType::Subscribe(vrtaSystemClockSubscriber*)
                0x00407140                vrtaSystemClockType::FavourFixedInterval(int)
                0x004071a0                vrtaSystemClockType::IsFavourFixedInterval()
                0x004071b0                vrtaCustomTickSource::vrtaCustomTickSource(unsigned int)
                0x004071b0                vrtaCustomTickSource::vrtaCustomTickSource(unsigned int)
                0x00407260                vrtaCustomTickSource::TickCount()
                0x00407320                vrtaThreadWait::vrtaThreadWait(unsigned int)
                0x00407320                vrtaThreadWait::vrtaThreadWait(unsigned int)
                0x00407420                vrtaThreadWait::WaitForTicks(unsigned int)
                0x004075f0                vrtaSystemClock_Auto
                0x00407600                vrtaSystemClock_Manual
                0x00407640                vrtaSystemClock_Pause
                0x00407650                vrtaSystemClock_Resume
                0x00407660                vrtaSystemClock_Tick
                0x00407680                vrtaSystemClock_Scale
                0x004076a0                vrtaSystemClock_FavourFixedInterval
                0x004076c0                vrtaSystemClock_IsFavourFixedInterval
                0x004076d0                vrtaSystemClock_HasFrozenOS
                0x004076e0                vrtaSystemClock_IsIdleTicked
 .text          0x004076f0      0x2b0 RTAOS.lib(vrtaSystemClockDevice.o)
                0x004076f0                CSLThread
                0x00407830                SystemClockIdleHandler::Idle(unsigned int)
                0x00407970                SystemClockTickUpdateNotification(unsigned int)
 .text          0x004079a0       0x20 RTAOS.lib(GetStackValue.o)
                0x004079a0                Os_GetStackValue
 .text          0x004079c0        0x0 RTAOS.lib(Os_vectors.o)
 .text          0x004079c0       0x60 RTAOS.lib(Os_wrapper.o)
                0x004079c0                Os_ISRWrapper
 .text          0x00407a20     0x1900 RTAOS.lib(virtualDevice.o)
                0x00407a20                VirtualDevice::StringBuilder::Content()
                0x00407a50                VirtualDevice::EventZero(vrtaEvent const&)
                0x00407a60                VirtualDevice::EventHandler(vrtaEvent&)
                0x00407ab0                VirtualDevice::GetPersistentDataSize()
                0x00407ac0                VirtualDevice::GetPersistentData()
                0x00407ad0                VirtualDevice::SetPersistentData(unsigned char*, unsigned short)
                0x00407ae0                VirtualDevice::StringBuilder::~StringBuilder()
                0x00407ae0                VirtualDevice::StringBuilder::~StringBuilder()
                0x00407b00                VirtualDevice::StringBuilder::~StringBuilder()
                0x00407ba0                VirtualDevice::SetValue(vrtaEvent&, void*, unsigned int)
                0x00407c00                VECUAutoLock::VECUAutoLock()
                0x00407c00                VECUAutoLock::VECUAutoLock()
                0x00407c10                VECUAutoLock::~VECUAutoLock()
                0x00407c10                VECUAutoLock::~VECUAutoLock()
                0x00407c20                VirtualDevice::StringBuilder::StringBuilder(int)
                0x00407c20                VirtualDevice::StringBuilder::StringBuilder(int)
                0x00407c50                VirtualDevice::StringBuilder::Append(char const*)
                0x00407cd0                VirtualDevice::StringBuilder::Length()
                0x00407ce0                VirtualDevice::OptList::OptList(int)
                0x00407ce0                VirtualDevice::OptList::OptList(int)
                0x00407d20                VirtualDevice::OptList::Add(char const*, char const*)
                0x00407d90                VirtualDevice::OptList::Clear()
                0x00407db0                VirtualDevice::OptList::Replace(int, char const*, char const*)
                0x00407ee0                VirtualDevice::Linkable::Linkable()
                0x00407ee0                VirtualDevice::Linkable::Linkable()
                0x00407ef0                VirtualDevice::ParameterInfo::ParameterInfo(char const*, char const*, char const*)
                0x00407ef0                VirtualDevice::ParameterInfo::ParameterInfo(char const*, char const*, char const*)
                0x00407f10                VirtualDevice::List::List()
                0x00407f10                VirtualDevice::List::List()
                0x00407f20                VirtualDevice::List::First()
                0x00407f30                VirtualDevice::List::Append(VirtualDevice::Linkable*)
                0x00407f50                VirtualDevice::List::Replace(int, VirtualDevice::Linkable*)
                0x00407fc0                VirtualDevice::ActionInfo::ActionInfo(char const*, char const*, char const*)
                0x00407fc0                VirtualDevice::ActionInfo::ActionInfo(char const*, char const*, char const*)
                0x00407ff0                VirtualDevice::ActionInfo::AddContent(VirtualDevice::OptList*)
                0x00408130                VirtualDevice::ActionList::Content()
                0x00408180                VirtualDevice::ActionInfo::In(char const*, char const*, char const*)
                0x004081e0                VirtualDevice::EventInfo::EventInfo(char const*, char const*, char const*)
                0x004081e0                VirtualDevice::EventInfo::EventInfo(char const*, char const*, char const*)
                0x00408220                VirtualDevice::EventInfo::AddContent(VirtualDevice::OptList*)
                0x00408420                VirtualDevice::EventList::Content()
                0x00408470                VirtualDevice::EventInfo::Out(char const*, char const*, char const*)
                0x004084d0                VirtualDevice::EventInfo::In(char const*, char const*, char const*)
                0x00408530                VirtualDevice::EventList::EventList()
                0x00408530                VirtualDevice::EventList::EventList()
                0x00408580                VirtualDevice::EventList::Add(char const*, char const*, char const*)
                0x004085f0                VirtualDevice::EventList::Replace(int, char const*, char const*, char const*)
                0x00408660                VirtualDevice::EventList::UpdateInfo(VirtualDevice::OptList&)
                0x004087e0                VirtualDevice::ActionList::ActionList()
                0x004087e0                VirtualDevice::ActionList::ActionList()
                0x00408830                VirtualDevice::ActionList::Add(char const*, char const*, char const*)
                0x00408890                VirtualDevice::ActionList::Replace(int, char const*, char const*, char const*)
                0x00408900                VirtualDevice::ActionList::UpdateInfo(VirtualDevice::OptList&)
                0x00408a70                VirtualDevice::VirtualDevice()
                0x00408a70                VirtualDevice::VirtualDevice()
                0x00408b10                VirtualDevice::ActionHandler(vrtaAction const&)
                0x00408b80                VirtualDevice::AddActionHandler(unsigned short (VirtualDevice::*)(vrtaAction const&))
                0x00408c10                VirtualDevice::AddEventHandler(unsigned short (VirtualDevice::*)(vrtaEvent const&))
                0x00408ca0                VirtualDevice::NullAction(vrtaAction const&)
                0x00408cb0                VirtualDevice::NullEvent(vrtaEvent const&)
                0x00408cc0                VirtualDevice::RegisterAs(char const*)
                0x00408e70                VirtualDevice::~VirtualDevice()
                0x00408e70                VirtualDevice::~VirtualDevice()
                0x00408e90                VirtualDevice::~VirtualDevice()
                0x00408ec0                VirtualDevice::AssignCore(unsigned short)
                0x00408ee0                VirtualDevice::Raise(unsigned short (VirtualDevice::*)(vrtaEvent const&), vrtaEvent&)
                0x00408f80                VirtualDevice::Raise(unsigned short (VirtualDevice::*)(vrtaEvent const&))
                0x00408fc0                VirtualDevice::Raise(vrtaEvent&)
                0x00408ff0                VirtualDevice::SendAction(unsigned short, unsigned short, vrtaAction&)
                0x00409020                VirtualDevice::RaiseInterrupt(unsigned int)
                0x00409090                VirtualDevice::SpawnThread(void (*)())
                0x004090b0                VirtualDevice::PersistThroughReset(int)
                0x004090c0                VirtualDevice::ReadFromPersistentStorage(unsigned short*, unsigned char**)
                0x004090e0                VirtualDevice::WriteToPersistentStorage(unsigned short*, unsigned char**)
                0x00409130                VirtualDevice::LockDevice()
                0x00409140                VirtualDevice::ReleaseDevice()
                0x00409150                VirtualDevice::DataHasPersisted()
                0x00409160                VirtualDevice::DataHasPersisted(int)
                0x00409170                VirtualDevice::SetID(unsigned short)
                0x00409180                VirtualDevice::GetID()
                0x00409190                VirtualDevice::UnpackData(vrtaAction const&, void*, unsigned int)
                0x004091d0                VirtualDevice::ActionZero(vrtaAction const&)
                0x004092e0                VirtualDevice::UnpackData(vrtaEvent const&, void*, unsigned int)
 .text          0x00409320        0x0 C:/Program Files/ETAS/ISOLAR-EVE3.0/plugins/com.etas.evetools.toolsfolder_1.4.5/Tools/MinGW/bin/../lib/gcc/i686-w64-mingw32/4.9.2/../../../../i686-w64-mingw32/lib/../lib/libwinmm.a(dasfh.o)
 .text          0x00409320        0x0 C:/Program Files/ETAS/ISOLAR-EVE3.0/plugins/com.etas.evetools.toolsfolder_1.4.5/Tools/MinGW/bin/../lib/gcc/i686-w64-mingw32/4.9.2/../../../../i686-w64-mingw32/lib/../lib/libwinmm.a(dasft.o)
 .text          0x00409320        0x0 C:/Program Files/ETAS/ISOLAR-EVE3.0/plugins/com.etas.evetools.toolsfolder_1.4.5/Tools/MinGW/bin/../lib/gcc/i686-w64-mingw32/4.9.2\libstdc++.a(class_type_info.o)
 .text          0x00409320        0x0 C:/Program Files/ETAS/ISOLAR-EVE3.0/plugins/com.etas.evetools.toolsfolder_1.4.5/Tools/MinGW/bin/../lib/gcc/i686-w64-mingw32/4.9.2\libstdc++.a(del_op.o)
 .text          0x00409320        0x0 C:/Program Files/ETAS/ISOLAR-EVE3.0/plugins/com.etas.evetools.toolsfolder_1.4.5/Tools/MinGW/bin/../lib/gcc/i686-w64-mingw32/4.9.2\libstdc++.a(del_opv.o)
 .text          0x00409320        0x0 C:/Program Files/ETAS/ISOLAR-EVE3.0/plugins/com.etas.evetools.toolsfolder_1.4.5/Tools/MinGW/bin/../lib/gcc/i686-w64-mingw32/4.9.2\libstdc++.a(eh_catch.o)
 .text          0x00409320        0x0 C:/Program Files/ETAS/ISOLAR-EVE3.0/plugins/com.etas.evetools.toolsfolder_1.4.5/Tools/MinGW/bin/../lib/gcc/i686-w64-mingw32/4.9.2\libstdc++.a(eh_globals.o)
 .text          0x00409320        0x0 C:/Program Files/ETAS/ISOLAR-EVE3.0/plugins/com.etas.evetools.toolsfolder_1.4.5/Tools/MinGW/bin/../lib/gcc/i686-w64-mingw32/4.9.2\libstdc++.a(eh_personality.o)
 .text          0x00409320        0x0 C:/Program Files/ETAS/ISOLAR-EVE3.0/plugins/com.etas.evetools.toolsfolder_1.4.5/Tools/MinGW/bin/../lib/gcc/i686-w64-mingw32/4.9.2\libstdc++.a(eh_terminate.o)
 .text          0x00409320        0x0 C:/Program Files/ETAS/ISOLAR-EVE3.0/plugins/com.etas.evetools.toolsfolder_1.4.5/Tools/MinGW/bin/../lib/gcc/i686-w64-mingw32/4.9.2\libstdc++.a(eh_term_handler.o)
 .text          0x00409320        0x0 C:/Program Files/ETAS/ISOLAR-EVE3.0/plugins/com.etas.evetools.toolsfolder_1.4.5/Tools/MinGW/bin/../lib/gcc/i686-w64-mingw32/4.9.2\libstdc++.a(eh_throw.o)
 .text          0x00409320        0x0 C:/Program Files/ETAS/ISOLAR-EVE3.0/plugins/com.etas.evetools.toolsfolder_1.4.5/Tools/MinGW/bin/../lib/gcc/i686-w64-mingw32/4.9.2\libstdc++.a(eh_unex_handler.o)
 .text          0x00409320        0x0 C:/Program Files/ETAS/ISOLAR-EVE3.0/plugins/com.etas.evetools.toolsfolder_1.4.5/Tools/MinGW/bin/../lib/gcc/i686-w64-mingw32/4.9.2\libstdc++.a(new_op.o)
 .text          0x00409320        0x0 C:/Program Files/ETAS/ISOLAR-EVE3.0/plugins/com.etas.evetools.toolsfolder_1.4.5/Tools/MinGW/bin/../lib/gcc/i686-w64-mingw32/4.9.2\libstdc++.a(new_opv.o)
 .text          0x00409320        0x0 C:/Program Files/ETAS/ISOLAR-EVE3.0/plugins/com.etas.evetools.toolsfolder_1.4.5/Tools/MinGW/bin/../lib/gcc/i686-w64-mingw32/4.9.2\libstdc++.a(pure.o)
 .text          0x00409320        0x0 C:/Program Files/ETAS/ISOLAR-EVE3.0/plugins/com.etas.evetools.toolsfolder_1.4.5/Tools/MinGW/bin/../lib/gcc/i686-w64-mingw32/4.9.2\libstdc++.a(si_class_type_info.o)
 .text          0x00409320        0x0 C:/Program Files/ETAS/ISOLAR-EVE3.0/plugins/com.etas.evetools.toolsfolder_1.4.5/Tools/MinGW/bin/../lib/gcc/i686-w64-mingw32/4.9.2\libstdc++.a(tinfo.o)
 .text          0x00409320        0x0 C:/Program Files/ETAS/ISOLAR-EVE3.0/plugins/com.etas.evetools.toolsfolder_1.4.5/Tools/MinGW/bin/../lib/gcc/i686-w64-mingw32/4.9.2\libstdc++.a(vmi_class_type_info.o)
 .text          0x00409320        0x0 C:/Program Files/ETAS/ISOLAR-EVE3.0/plugins/com.etas.evetools.toolsfolder_1.4.5/Tools/MinGW/bin/../lib/gcc/i686-w64-mingw32/4.9.2\libstdc++.a(vterminate.o)
 .text          0x00409320        0x0 C:/Program Files/ETAS/ISOLAR-EVE3.0/plugins/com.etas.evetools.toolsfolder_1.4.5/Tools/MinGW/bin/../lib/gcc/i686-w64-mingw32/4.9.2\libstdc++.a(bad_alloc.o)
 .text          0x00409320     0xb620 C:/Program Files/ETAS/ISOLAR-EVE3.0/plugins/com.etas.evetools.toolsfolder_1.4.5/Tools/MinGW/bin/../lib/gcc/i686-w64-mingw32/4.9.2\libstdc++.a(cp-demangle.o)
                0x004147b0                __cxa_demangle
                0x00414900                __gcclibcxx_demangle_callback
 .text          0x00414940        0x0 C:/Program Files/ETAS/ISOLAR-EVE3.0/plugins/com.etas.evetools.toolsfolder_1.4.5/Tools/MinGW/bin/../lib/gcc/i686-w64-mingw32/4.9.2\libstdc++.a(eh_alloc.o)
 .text          0x00414940        0x0 C:/Program Files/ETAS/ISOLAR-EVE3.0/plugins/com.etas.evetools.toolsfolder_1.4.5/Tools/MinGW/bin/../lib/gcc/i686-w64-mingw32/4.9.2\libstdc++.a(eh_call.o)
 .text          0x00414940        0x0 C:/Program Files/ETAS/ISOLAR-EVE3.0/plugins/com.etas.evetools.toolsfolder_1.4.5/Tools/MinGW/bin/../lib/gcc/i686-w64-mingw32/4.9.2\libstdc++.a(eh_exception.o)
 .text          0x00414940        0x0 C:/Program Files/ETAS/ISOLAR-EVE3.0/plugins/com.etas.evetools.toolsfolder_1.4.5/Tools/MinGW/bin/../lib/gcc/i686-w64-mingw32/4.9.2\libstdc++.a(eh_type.o)
 .text          0x00414940        0x0 C:/Program Files/ETAS/ISOLAR-EVE3.0/plugins/com.etas.evetools.toolsfolder_1.4.5/Tools/MinGW/bin/../lib/gcc/i686-w64-mingw32/4.9.2\libstdc++.a(new_handler.o)
 .text          0x00414940       0xe0 C:/Program Files/ETAS/ISOLAR-EVE3.0/plugins/com.etas.evetools.toolsfolder_1.4.5/Tools/MinGW/bin/../lib/gcc/i686-w64-mingw32/4.9.2/../../../../i686-w64-mingw32/lib/../lib/libmingw32.a(lib32_libmingw32_a-atonexit.o)
                0x00414940                mingw_onexit
                0x00414a00                atexit
 .text          0x00414a20       0xa0 C:/Program Files/ETAS/ISOLAR-EVE3.0/plugins/com.etas.evetools.toolsfolder_1.4.5/Tools/MinGW/bin/../lib/gcc/i686-w64-mingw32/4.9.2/../../../../i686-w64-mingw32/lib/../lib/libmingw32.a(lib32_libmingw32_a-gccmain.o)
                0x00414a20                __do_global_dtors
                0x00414a50                __do_global_ctors
                0x00414aa0                __main
 .text          0x00414ac0        0x0 C:/Program Files/ETAS/ISOLAR-EVE3.0/plugins/com.etas.evetools.toolsfolder_1.4.5/Tools/MinGW/bin/../lib/gcc/i686-w64-mingw32/4.9.2/../../../../i686-w64-mingw32/lib/../lib/libmingw32.a(lib32_libmingw32_a-natstart.o)
 .text          0x00414ac0        0x0 C:/Program Files/ETAS/ISOLAR-EVE3.0/plugins/com.etas.evetools.toolsfolder_1.4.5/Tools/MinGW/bin/../lib/gcc/i686-w64-mingw32/4.9.2/../../../../i686-w64-mingw32/lib/../lib/libmingw32.a(lib32_libmingw32_a-wildcard.o)
 .text          0x00414ac0       0x10 C:/Program Files/ETAS/ISOLAR-EVE3.0/plugins/com.etas.evetools.toolsfolder_1.4.5/Tools/MinGW/bin/../lib/gcc/i686-w64-mingw32/4.9.2/../../../../i686-w64-mingw32/lib/../lib/libmingw32.a(lib32_libmingw32_a-charmax.o)
 .text          0x00414ad0       0x10 C:/Program Files/ETAS/ISOLAR-EVE3.0/plugins/com.etas.evetools.toolsfolder_1.4.5/Tools/MinGW/bin/../lib/gcc/i686-w64-mingw32/4.9.2/../../../../i686-w64-mingw32/lib/../lib/libmingw32.a(lib32_libmingw32_a-dllargv.o)
                0x00414ad0                _setargv
 .text          0x00414ae0      0x140 C:/Program Files/ETAS/ISOLAR-EVE3.0/plugins/com.etas.evetools.toolsfolder_1.4.5/Tools/MinGW/bin/../lib/gcc/i686-w64-mingw32/4.9.2/../../../../i686-w64-mingw32/lib/../lib/libmingw32.a(lib32_libmingw32_a-gs_support.o)
                0x00414ae0                __security_init_cookie
                0x00414b90                __report_gsfailure
 .text          0x00414c20        0x0 C:/Program Files/ETAS/ISOLAR-EVE3.0/plugins/com.etas.evetools.toolsfolder_1.4.5/Tools/MinGW/bin/../lib/gcc/i686-w64-mingw32/4.9.2/../../../../i686-w64-mingw32/lib/../lib/libmingw32.a(lib32_libmingw32_a-_newmode.o)
 .text          0x00414c20       0xe0 C:/Program Files/ETAS/ISOLAR-EVE3.0/plugins/com.etas.evetools.toolsfolder_1.4.5/Tools/MinGW/bin/../lib/gcc/i686-w64-mingw32/4.9.2/../../../../i686-w64-mingw32/lib/../lib/libmingw32.a(lib32_libmingw32_a-tlssup.o)
                0x00414c70                __dyn_tls_init@12
                0x00414cf0                __tlregdtor
 .text          0x00414d00        0x0 C:/Program Files/ETAS/ISOLAR-EVE3.0/plugins/com.etas.evetools.toolsfolder_1.4.5/Tools/MinGW/bin/../lib/gcc/i686-w64-mingw32/4.9.2/../../../../i686-w64-mingw32/lib/../lib/libmingw32.a(lib32_libmingw32_a-cinitexe.o)
 .text          0x00414d00       0xc0 C:/Program Files/ETAS/ISOLAR-EVE3.0/plugins/com.etas.evetools.toolsfolder_1.4.5/Tools/MinGW/bin/../lib/gcc/i686-w64-mingw32/4.9.2/../../../../i686-w64-mingw32/lib/../lib/libmingw32.a(lib32_libmingw32_a-merr.o)
                0x00414d00                __mingw_raise_matherr
                0x00414d50                __mingw_setusermatherr
                0x00414d60                _matherr
 .text          0x00414dc0       0x10 C:/Program Files/ETAS/ISOLAR-EVE3.0/plugins/com.etas.evetools.toolsfolder_1.4.5/Tools/MinGW/bin/../lib/gcc/i686-w64-mingw32/4.9.2/../../../../i686-w64-mingw32/lib/../lib/libmingw32.a(lib32_libmingw32_a-CRT_fp10.o)
                0x00414dc0                fpreset
                0x00414dc0                _fpreset
 .text          0x00414dd0       0x20 C:/Program Files/ETAS/ISOLAR-EVE3.0/plugins/com.etas.evetools.toolsfolder_1.4.5/Tools/MinGW/bin/../lib/gcc/i686-w64-mingw32/4.9.2/../../../../i686-w64-mingw32/lib/../lib/libmingw32.a(lib32_libmingw32_a-mingw_helpers.o)
                0x00414dd0                _decode_pointer
                0x00414de0                _encode_pointer
 .text          0x00414df0      0x440 C:/Program Files/ETAS/ISOLAR-EVE3.0/plugins/com.etas.evetools.toolsfolder_1.4.5/Tools/MinGW/bin/../lib/gcc/i686-w64-mingw32/4.9.2/../../../../i686-w64-mingw32/lib/../lib/libmingw32.a(lib32_libmingw32_a-pseudo-reloc.o)
                0x00414f90                _pei386_runtime_relocator
 .text          0x00415230        0x0 C:/Program Files/ETAS/ISOLAR-EVE3.0/plugins/com.etas.evetools.toolsfolder_1.4.5/Tools/MinGW/bin/../lib/gcc/i686-w64-mingw32/4.9.2/../../../../i686-w64-mingw32/lib/../lib/libmingw32.a(lib32_libmingw32_a-xtxtmode.o)
 .text          0x00415230      0x150 C:/Program Files/ETAS/ISOLAR-EVE3.0/plugins/com.etas.evetools.toolsfolder_1.4.5/Tools/MinGW/bin/../lib/gcc/i686-w64-mingw32/4.9.2/../../../../i686-w64-mingw32/lib/../lib/libmingw32.a(lib32_libmingw32_a-crt_handler.o)
                0x00415230                _gnu_exception_handler@4
 .text          0x00415380      0x290 C:/Program Files/ETAS/ISOLAR-EVE3.0/plugins/com.etas.evetools.toolsfolder_1.4.5/Tools/MinGW/bin/../lib/gcc/i686-w64-mingw32/4.9.2/../../../../i686-w64-mingw32/lib/../lib/libmingw32.a(lib32_libmingw32_a-tlsthrd.o)
                0x00415400                ___w64_mingwthr_add_key_dtor
                0x00415490                ___w64_mingwthr_remove_key_dtor
                0x00415530                __mingw_TLScallback
 .text          0x00415610        0x0 C:/Program Files/ETAS/ISOLAR-EVE3.0/plugins/com.etas.evetools.toolsfolder_1.4.5/Tools/MinGW/bin/../lib/gcc/i686-w64-mingw32/4.9.2/../../../../i686-w64-mingw32/lib/../lib/libmingw32.a(lib32_libmingw32_a-tlsmcrt.o)
 .text          0x00415610        0x0 C:/Program Files/ETAS/ISOLAR-EVE3.0/plugins/com.etas.evetools.toolsfolder_1.4.5/Tools/MinGW/bin/../lib/gcc/i686-w64-mingw32/4.9.2/../../../../i686-w64-mingw32/lib/../lib/libmingw32.a(lib32_libmingw32_a-pseudo-reloc-list.o)
 .text          0x00415610      0x340 C:/Program Files/ETAS/ISOLAR-EVE3.0/plugins/com.etas.evetools.toolsfolder_1.4.5/Tools/MinGW/bin/../lib/gcc/i686-w64-mingw32/4.9.2/../../../../i686-w64-mingw32/lib/../lib/libmingw32.a(lib32_libmingw32_a-pesect.o)
                0x00415630                _ValidateImageBase
                0x00415650                _FindPESection
                0x00415690                _FindPESectionByName
                0x00415730                __mingw_GetSectionForAddress
                0x00415780                __mingw_GetSectionCount
                0x004157b0                _FindPESectionExec
                0x00415820                _GetPEImageBase
                0x00415850                _IsNonwritableInCurrentImage
                0x004158b0                __mingw_enum_import_library_names
 .text          0x00415950       0x2c C:/Program Files/ETAS/ISOLAR-EVE3.0/plugins/com.etas.evetools.toolsfolder_1.4.5/Tools/MinGW/bin/../lib/gcc/i686-w64-mingw32/4.9.2/libgcc.a(_chkstk_ms.o)
                0x00415950                __chkstk_ms
 .text          0x0041597c        0x0 C:/Program Files/ETAS/ISOLAR-EVE3.0/plugins/com.etas.evetools.toolsfolder_1.4.5/Tools/MinGW/bin/../lib/gcc/i686-w64-mingw32/4.9.2/libgcc.a(_ctors.o)
 *fill*         0x0041597c        0x4 
 .text          0x00415980      0x1a0 C:/Program Files/ETAS/ISOLAR-EVE3.0/plugins/com.etas.evetools.toolsfolder_1.4.5/Tools/MinGW/bin/../lib/gcc/i686-w64-mingw32/4.9.2/libgcc.a(_divdi3.o)
                0x00415980                __divdi3
 .text          0x00415b20      0x430 C:/Program Files/ETAS/ISOLAR-EVE3.0/plugins/com.etas.evetools.toolsfolder_1.4.5/Tools/MinGW/bin/../lib/gcc/i686-w64-mingw32/4.9.2/libgcc.a(gthr-win32.o)
                0x00415b20                __gthr_win32_once
                0x00415ba0                __gthr_win32_key_create
                0x00415be0                __gthr_win32_key_delete
                0x00415c10                __gthr_win32_getspecific
                0x00415c50                __gthr_win32_setspecific
                0x00415c80                __gthr_win32_mutex_init_function
                0x00415cc0                __gthr_win32_mutex_destroy
                0x00415ce0                __gthr_win32_mutex_lock
                0x00415d20                __gthr_win32_mutex_trylock
                0x00415d40                __gthr_win32_mutex_unlock
                0x00415d90                __gthr_win32_recursive_mutex_init_function
                0x00415de0                __gthr_win32_recursive_mutex_lock
                0x00415e70                __gthr_win32_recursive_mutex_trylock
                0x00415ed0                __gthr_win32_recursive_mutex_unlock
                0x00415f30                __gthr_win32_recursive_mutex_destroy
 .text          0x00415f50     0x2780 C:/Program Files/ETAS/ISOLAR-EVE3.0/plugins/com.etas.evetools.toolsfolder_1.4.5/Tools/MinGW/bin/../lib/gcc/i686-w64-mingw32/4.9.2/libgcc_eh.a(unwind-dw2.o)
                0x00418080                _Unwind_GetGR
                0x004180d0                _Unwind_GetCFA
                0x004180e0                _Unwind_SetGR
                0x00418130                _Unwind_GetIP
                0x00418140                _Unwind_GetIPInfo
                0x00418160                _Unwind_SetIP
                0x00418170                _Unwind_GetLanguageSpecificData
                0x00418180                _Unwind_GetRegionStart
                0x00418190                _Unwind_FindEnclosingFunction
                0x004181d0                _Unwind_GetDataRelBase
                0x004181e0                _Unwind_GetTextRelBase
                0x004181f0                __frame_state_for
                0x004182e0                _Unwind_RaiseException
                0x00418440                _Unwind_ForcedUnwind
                0x004184e0                _Unwind_Resume
                0x00418580                _Unwind_Resume_or_Rethrow
                0x00418630                _Unwind_DeleteException
                0x00418650                _Unwind_Backtrace
 .text          0x004186d0     0x17d0 C:/Program Files/ETAS/ISOLAR-EVE3.0/plugins/com.etas.evetools.toolsfolder_1.4.5/Tools/MinGW/bin/../lib/gcc/i686-w64-mingw32/4.9.2/libgcc_eh.a(unwind-dw2-fde.o)
                0x004197c0                __register_frame_info_bases
                0x004197f0                __register_frame_info
                0x00419820                __register_frame
                0x00419860                __register_frame_info_table_bases
                0x004199c0                __register_frame_info_table
                0x004199f0                __register_frame_table
                0x00419a30                __deregister_frame_info_bases
                0x00419c20                __deregister_frame_info
                0x00419c30                __deregister_frame
                0x00419c60                _Unwind_Find_FDE
 .text          0x00419ea0      0x3f0 C:/Program Files/ETAS/ISOLAR-EVE3.0/plugins/com.etas.evetools.toolsfolder_1.4.5/Tools/MinGW/bin/../lib/gcc/i686-w64-mingw32/4.9.2/libgcc_eh.a(emutls.o)
                0x00419fe0                __emutls_get_address
                0x0041a250                __emutls_register_common
 .text          0x0041a290        0x0 C:/Program Files/ETAS/ISOLAR-EVE3.0/plugins/com.etas.evetools.toolsfolder_1.4.5/Tools/MinGW/bin/../lib/gcc/i686-w64-mingw32/4.9.2/../../../../i686-w64-mingw32/lib/../lib/libmingwex.a(lib32_libmingwex_a-mingw_matherr.o)
 .text          0x0041a290        0x8 C:/Program Files/ETAS/ISOLAR-EVE3.0/plugins/com.etas.evetools.toolsfolder_1.4.5/Tools/MinGW/bin/../lib/gcc/i686-w64-mingw32/4.9.2/../../../../i686-w64-mingw32/lib/../lib/libmsvcrt.a(dcpds01256.o)
                0x0041a290                vsprintf
 .text          0x0041a298        0x8 C:/Program Files/ETAS/ISOLAR-EVE3.0/plugins/com.etas.evetools.toolsfolder_1.4.5/Tools/MinGW/bin/../lib/gcc/i686-w64-mingw32/4.9.2/../../../../i686-w64-mingw32/lib/../lib/libmsvcrt.a(dcpds01249.o)
                0x0041a298                vfprintf
 .text          0x0041a2a0        0x8 C:/Program Files/ETAS/ISOLAR-EVE3.0/plugins/com.etas.evetools.toolsfolder_1.4.5/Tools/MinGW/bin/../lib/gcc/i686-w64-mingw32/4.9.2/../../../../i686-w64-mingw32/lib/../lib/libmsvcrt.a(dcpds01217.o)
                0x0041a2a0                strncpy
 .text          0x0041a2a8        0x8 C:/Program Files/ETAS/ISOLAR-EVE3.0/plugins/com.etas.evetools.toolsfolder_1.4.5/Tools/MinGW/bin/../lib/gcc/i686-w64-mingw32/4.9.2/../../../../i686-w64-mingw32/lib/../lib/libmsvcrt.a(dcpds01216.o)
                0x0041a2a8                strncmp
 .text          0x0041a2b0        0x8 C:/Program Files/ETAS/ISOLAR-EVE3.0/plugins/com.etas.evetools.toolsfolder_1.4.5/Tools/MinGW/bin/../lib/gcc/i686-w64-mingw32/4.9.2/../../../../i686-w64-mingw32/lib/../lib/libmsvcrt.a(dcpds01213.o)
                0x0041a2b0                strlen
 .text          0x0041a2b8        0x8 C:/Program Files/ETAS/ISOLAR-EVE3.0/plugins/com.etas.evetools.toolsfolder_1.4.5/Tools/MinGW/bin/../lib/gcc/i686-w64-mingw32/4.9.2/../../../../i686-w64-mingw32/lib/../lib/libmsvcrt.a(dcpds01208.o)
                0x0041a2b8                strcpy
 .text          0x0041a2c0        0x8 C:/Program Files/ETAS/ISOLAR-EVE3.0/plugins/com.etas.evetools.toolsfolder_1.4.5/Tools/MinGW/bin/../lib/gcc/i686-w64-mingw32/4.9.2/../../../../i686-w64-mingw32/lib/../lib/libmsvcrt.a(dcpds01206.o)
                0x0041a2c0                strcmp
 .text          0x0041a2c8        0x8 C:/Program Files/ETAS/ISOLAR-EVE3.0/plugins/com.etas.evetools.toolsfolder_1.4.5/Tools/MinGW/bin/../lib/gcc/i686-w64-mingw32/4.9.2/../../../../i686-w64-mingw32/lib/../lib/libmsvcrt.a(dcpds01203.o)
                0x0041a2c8                strcat
 .text          0x0041a2d0        0x8 C:/Program Files/ETAS/ISOLAR-EVE3.0/plugins/com.etas.evetools.toolsfolder_1.4.5/Tools/MinGW/bin/../lib/gcc/i686-w64-mingw32/4.9.2/../../../../i686-w64-mingw32/lib/../lib/libmsvcrt.a(dcpds01198.o)
                0x0041a2d0                sprintf
 .text          0x0041a2d8        0x8 C:/Program Files/ETAS/ISOLAR-EVE3.0/plugins/com.etas.evetools.toolsfolder_1.4.5/Tools/MinGW/bin/../lib/gcc/i686-w64-mingw32/4.9.2/../../../../i686-w64-mingw32/lib/../lib/libmsvcrt.a(dcpds01195.o)
                0x0041a2d8                signal
 .text          0x0041a2e0        0x8 C:/Program Files/ETAS/ISOLAR-EVE3.0/plugins/com.etas.evetools.toolsfolder_1.4.5/Tools/MinGW/bin/../lib/gcc/i686-w64-mingw32/4.9.2/../../../../i686-w64-mingw32/lib/../lib/libmsvcrt.a(dcpds01186.o)
                0x0041a2e0                realloc
 .text          0x0041a2e8        0x8 C:/Program Files/ETAS/ISOLAR-EVE3.0/plugins/com.etas.evetools.toolsfolder_1.4.5/Tools/MinGW/bin/../lib/gcc/i686-w64-mingw32/4.9.2/../../../../i686-w64-mingw32/lib/../lib/libmsvcrt.a(dcpds01170.o)
                0x0041a2e8                memcpy
 .text          0x0041a2f0        0x8 C:/Program Files/ETAS/ISOLAR-EVE3.0/plugins/com.etas.evetools.toolsfolder_1.4.5/Tools/MinGW/bin/../lib/gcc/i686-w64-mingw32/4.9.2/../../../../i686-w64-mingw32/lib/../lib/libmsvcrt.a(dcpds01167.o)
                0x0041a2f0                memset
 .text          0x0041a2f8        0x8 C:/Program Files/ETAS/ISOLAR-EVE3.0/plugins/com.etas.evetools.toolsfolder_1.4.5/Tools/MinGW/bin/../lib/gcc/i686-w64-mingw32/4.9.2/../../../../i686-w64-mingw32/lib/../lib/libmsvcrt.a(dcpds01165.o)
                0x0041a2f8                memcmp
 .text          0x0041a300        0x8 C:/Program Files/ETAS/ISOLAR-EVE3.0/plugins/com.etas.evetools.toolsfolder_1.4.5/Tools/MinGW/bin/../lib/gcc/i686-w64-mingw32/4.9.2/../../../../i686-w64-mingw32/lib/../lib/libmsvcrt.a(dcpds01159.o)
                0x0041a300                malloc
 .text          0x0041a308        0x8 C:/Program Files/ETAS/ISOLAR-EVE3.0/plugins/com.etas.evetools.toolsfolder_1.4.5/Tools/MinGW/bin/../lib/gcc/i686-w64-mingw32/4.9.2/../../../../i686-w64-mingw32/lib/../lib/libmsvcrt.a(dcpds01112.o)
                0x0041a308                fwrite
 .text          0x0041a310        0x8 C:/Program Files/ETAS/ISOLAR-EVE3.0/plugins/com.etas.evetools.toolsfolder_1.4.5/Tools/MinGW/bin/../lib/gcc/i686-w64-mingw32/4.9.2/../../../../i686-w64-mingw32/lib/../lib/libmsvcrt.a(dcpds01101.o)
                0x0041a310                free
 .text          0x0041a318        0x8 C:/Program Files/ETAS/ISOLAR-EVE3.0/plugins/com.etas.evetools.toolsfolder_1.4.5/Tools/MinGW/bin/../lib/gcc/i686-w64-mingw32/4.9.2/../../../../i686-w64-mingw32/lib/../lib/libmsvcrt.a(dcpds01097.o)
                0x0041a318                fputs
 .text          0x0041a320        0x8 C:/Program Files/ETAS/ISOLAR-EVE3.0/plugins/com.etas.evetools.toolsfolder_1.4.5/Tools/MinGW/bin/../lib/gcc/i686-w64-mingw32/4.9.2/../../../../i686-w64-mingw32/lib/../lib/libmsvcrt.a(dcpds01096.o)
                0x0041a320                fputc
 .text          0x0041a328        0x8 C:/Program Files/ETAS/ISOLAR-EVE3.0/plugins/com.etas.evetools.toolsfolder_1.4.5/Tools/MinGW/bin/../lib/gcc/i686-w64-mingw32/4.9.2/../../../../i686-w64-mingw32/lib/../lib/libmsvcrt.a(dcpds01094.o)
                0x0041a328                fprintf
 .text          0x0041a330        0x8 C:/Program Files/ETAS/ISOLAR-EVE3.0/plugins/com.etas.evetools.toolsfolder_1.4.5/Tools/MinGW/bin/../lib/gcc/i686-w64-mingw32/4.9.2/../../../../i686-w64-mingw32/lib/../lib/libmsvcrt.a(dcpds01092.o)
                0x0041a330                fopen
 .text          0x0041a338        0x8 C:/Program Files/ETAS/ISOLAR-EVE3.0/plugins/com.etas.evetools.toolsfolder_1.4.5/Tools/MinGW/bin/../lib/gcc/i686-w64-mingw32/4.9.2/../../../../i686-w64-mingw32/lib/../lib/libmsvcrt.a(dcpds01081.o)
                0x0041a338                fclose
 .text          0x0041a340        0x8 C:/Program Files/ETAS/ISOLAR-EVE3.0/plugins/com.etas.evetools.toolsfolder_1.4.5/Tools/MinGW/bin/../lib/gcc/i686-w64-mingw32/4.9.2/../../../../i686-w64-mingw32/lib/../lib/libmsvcrt.a(dcpds01078.o)
                0x0041a340                exit
 .text          0x0041a348        0x8 C:/Program Files/ETAS/ISOLAR-EVE3.0/plugins/com.etas.evetools.toolsfolder_1.4.5/Tools/MinGW/bin/../lib/gcc/i686-w64-mingw32/4.9.2/../../../../i686-w64-mingw32/lib/../lib/libmsvcrt.a(dcpds01067.o)
                0x0041a348                calloc
 .text          0x0041a350        0x8 C:/Program Files/ETAS/ISOLAR-EVE3.0/plugins/com.etas.evetools.toolsfolder_1.4.5/Tools/MinGW/bin/../lib/gcc/i686-w64-mingw32/4.9.2/../../../../i686-w64-mingw32/lib/../lib/libmsvcrt.a(dcpds01063.o)
                0x0041a350                atoi
 .text          0x0041a358        0x8 C:/Program Files/ETAS/ISOLAR-EVE3.0/plugins/com.etas.evetools.toolsfolder_1.4.5/Tools/MinGW/bin/../lib/gcc/i686-w64-mingw32/4.9.2/../../../../i686-w64-mingw32/lib/../lib/libmsvcrt.a(dcpds01055.o)
                0x0041a358                abort
 .text          0x0041a360        0x8 C:/Program Files/ETAS/ISOLAR-EVE3.0/plugins/com.etas.evetools.toolsfolder_1.4.5/Tools/MinGW/bin/../lib/gcc/i686-w64-mingw32/4.9.2/../../../../i686-w64-mingw32/lib/../lib/libmsvcrt.a(dcpds01013.o)
                0x0041a360                write
 .text          0x0041a368        0x8 C:/Program Files/ETAS/ISOLAR-EVE3.0/plugins/com.etas.evetools.toolsfolder_1.4.5/Tools/MinGW/bin/../lib/gcc/i686-w64-mingw32/4.9.2/../../../../i686-w64-mingw32/lib/../lib/libmsvcrt.a(dcpds00840.o)
                0x0041a368                _unlock
 .text          0x0041a370        0x0 C:/Program Files/ETAS/ISOLAR-EVE3.0/plugins/com.etas.evetools.toolsfolder_1.4.5/Tools/MinGW/bin/../lib/gcc/i686-w64-mingw32/4.9.2/../../../../i686-w64-mingw32/lib/../lib/libmsvcrt.a(dcpds00627.o)
 .text          0x0041a370        0x8 C:/Program Files/ETAS/ISOLAR-EVE3.0/plugins/com.etas.evetools.toolsfolder_1.4.5/Tools/MinGW/bin/../lib/gcc/i686-w64-mingw32/4.9.2/../../../../i686-w64-mingw32/lib/../lib/libmsvcrt.a(dcpds00460.o)
                0x0041a370                _lock
 .text          0x0041a378        0x0 C:/Program Files/ETAS/ISOLAR-EVE3.0/plugins/com.etas.evetools.toolsfolder_1.4.5/Tools/MinGW/bin/../lib/gcc/i686-w64-mingw32/4.9.2/../../../../i686-w64-mingw32/lib/../lib/libmsvcrt.a(dcpds00354.o)
 .text          0x0041a378        0x8 C:/Program Files/ETAS/ISOLAR-EVE3.0/plugins/com.etas.evetools.toolsfolder_1.4.5/Tools/MinGW/bin/../lib/gcc/i686-w64-mingw32/4.9.2/../../../../i686-w64-mingw32/lib/../lib/libmsvcrt.a(dcpds00350.o)
                0x0041a378                _initterm
 .text          0x0041a380        0x0 C:/Program Files/ETAS/ISOLAR-EVE3.0/plugins/com.etas.evetools.toolsfolder_1.4.5/Tools/MinGW/bin/../lib/gcc/i686-w64-mingw32/4.9.2/../../../../i686-w64-mingw32/lib/../lib/libmsvcrt.a(dcpds00275.o)
 .text          0x0041a380        0x8 C:/Program Files/ETAS/ISOLAR-EVE3.0/plugins/com.etas.evetools.toolsfolder_1.4.5/Tools/MinGW/bin/../lib/gcc/i686-w64-mingw32/4.9.2/../../../../i686-w64-mingw32/lib/../lib/libmsvcrt.a(dcpds00163.o)
                0x0041a380                _cexit
 .text          0x0041a388        0x8 C:/Program Files/ETAS/ISOLAR-EVE3.0/plugins/com.etas.evetools.toolsfolder_1.4.5/Tools/MinGW/bin/../lib/gcc/i686-w64-mingw32/4.9.2/../../../../i686-w64-mingw32/lib/../lib/libmsvcrt.a(dcpds00145.o)
                0x0041a388                _amsg_exit
 .text          0x0041a390        0x0 C:/Program Files/ETAS/ISOLAR-EVE3.0/plugins/com.etas.evetools.toolsfolder_1.4.5/Tools/MinGW/bin/../lib/gcc/i686-w64-mingw32/4.9.2/../../../../i686-w64-mingw32/lib/../lib/libmsvcrt.a(dcpds00123.o)
 .text          0x0041a390        0x8 C:/Program Files/ETAS/ISOLAR-EVE3.0/plugins/com.etas.evetools.toolsfolder_1.4.5/Tools/MinGW/bin/../lib/gcc/i686-w64-mingw32/4.9.2/../../../../i686-w64-mingw32/lib/../lib/libmsvcrt.a(dcpds00108.o)
                0x0041a390                __setusermatherr
 .text          0x0041a398        0x8 C:/Program Files/ETAS/ISOLAR-EVE3.0/plugins/com.etas.evetools.toolsfolder_1.4.5/Tools/MinGW/bin/../lib/gcc/i686-w64-mingw32/4.9.2/../../../../i686-w64-mingw32/lib/../lib/libmsvcrt.a(dcpds00105.o)
                0x0041a398                __set_app_type
 .text          0x0041a3a0        0x0 C:/Program Files/ETAS/ISOLAR-EVE3.0/plugins/com.etas.evetools.toolsfolder_1.4.5/Tools/MinGW/bin/../lib/gcc/i686-w64-mingw32/4.9.2/../../../../i686-w64-mingw32/lib/../lib/libmsvcrt.a(dcpds00059.o)
 .text          0x0041a3a0        0x8 C:/Program Files/ETAS/ISOLAR-EVE3.0/plugins/com.etas.evetools.toolsfolder_1.4.5/Tools/MinGW/bin/../lib/gcc/i686-w64-mingw32/4.9.2/../../../../i686-w64-mingw32/lib/../lib/libmsvcrt.a(dcpds00058.o)
                0x0041a3a0                __getmainargs
 .text          0x0041a3a8        0x8 C:/Program Files/ETAS/ISOLAR-EVE3.0/plugins/com.etas.evetools.toolsfolder_1.4.5/Tools/MinGW/bin/../lib/gcc/i686-w64-mingw32/4.9.2/../../../../i686-w64-mingw32/lib/../lib/libmsvcrt.a(dcpds00055.o)
                0x0041a3a8                __dllonexit
 .text          0x0041a3b0       0x20 C:/Program Files/ETAS/ISOLAR-EVE3.0/plugins/com.etas.evetools.toolsfolder_1.4.5/Tools/MinGW/bin/../lib/gcc/i686-w64-mingw32/4.9.2/../../../../i686-w64-mingw32/lib/../lib/libmsvcrt.a(lib32_libmsvcrt_a-invalid_parameter_handler.o)
                0x0041a3b0                _get_invalid_parameter_handler
                0x0041a3c0                _set_invalid_parameter_handler
 .text          0x0041a3d0        0x0 C:/Program Files/ETAS/ISOLAR-EVE3.0/plugins/com.etas.evetools.toolsfolder_1.4.5/Tools/MinGW/bin/../lib/gcc/i686-w64-mingw32/4.9.2/../../../../i686-w64-mingw32/lib/../lib/libmsvcrt.a(dcpdh.o)
 .text          0x0041a3d0        0x0 C:/Program Files/ETAS/ISOLAR-EVE3.0/plugins/com.etas.evetools.toolsfolder_1.4.5/Tools/MinGW/bin/../lib/gcc/i686-w64-mingw32/4.9.2/../../../../i686-w64-mingw32/lib/../lib/libmsvcrt.a(dcpdt.o)
 .text          0x0041a3d0        0x0 C:/Program Files/ETAS/ISOLAR-EVE3.0/plugins/com.etas.evetools.toolsfolder_1.4.5/Tools/MinGW/bin/../lib/gcc/i686-w64-mingw32/4.9.2/../../../../i686-w64-mingw32/lib/../lib/libuser32.a(diqeh.o)
 .text          0x0041a3d0        0x0 C:/Program Files/ETAS/ISOLAR-EVE3.0/plugins/com.etas.evetools.toolsfolder_1.4.5/Tools/MinGW/bin/../lib/gcc/i686-w64-mingw32/4.9.2/../../../../i686-w64-mingw32/lib/../lib/libuser32.a(diqet.o)
 .text          0x0041a3d0        0x0 C:/Program Files/ETAS/ISOLAR-EVE3.0/plugins/com.etas.evetools.toolsfolder_1.4.5/Tools/MinGW/bin/../lib/gcc/i686-w64-mingw32/4.9.2/../../../../i686-w64-mingw32/lib/../lib/libkernel32.a(dkxh.o)
 .text          0x0041a3d0        0x0 C:/Program Files/ETAS/ISOLAR-EVE3.0/plugins/com.etas.evetools.toolsfolder_1.4.5/Tools/MinGW/bin/../lib/gcc/i686-w64-mingw32/4.9.2/../../../../i686-w64-mingw32/lib/../lib/libkernel32.a(dkxt.o)
 .text          0x0041a3d0       0x30 C:/Program Files/ETAS/ISOLAR-EVE3.0/plugins/com.etas.evetools.toolsfolder_1.4.5/Tools/MinGW/bin/../lib/gcc/i686-w64-mingw32/4.9.2/../../../../i686-w64-mingw32/lib/../lib/libmingw32.a(lib32_libmingw32_a-tlsmthread.o)
                0x0041a3d0                __mingwthr_remove_key_dtor
                0x0041a3e0                __mingwthr_key_dtor
 .text          0x0041a400        0x0 C:/Program Files/ETAS/ISOLAR-EVE3.0/plugins/com.etas.evetools.toolsfolder_1.4.5/Tools/MinGW/bin/../lib/gcc/i686-w64-mingw32/4.9.2/crtend.o
 *(SORT(.text$*))
 .text$_ZL12read_sleb128PKhPl
                0x0041a400       0x40 C:/Program Files/ETAS/ISOLAR-EVE3.0/plugins/com.etas.evetools.toolsfolder_1.4.5/Tools/MinGW/bin/../lib/gcc/i686-w64-mingw32/4.9.2\libstdc++.a(eh_personality.o)
 .text$_ZL15get_ttype_entryP16lsda_header_infom
                0x0041a440       0x80 C:/Program Files/ETAS/ISOLAR-EVE3.0/plugins/com.etas.evetools.toolsfolder_1.4.5/Tools/MinGW/bin/../lib/gcc/i686-w64-mingw32/4.9.2\libstdc++.a(eh_personality.o)
 .text$_ZL16get_adjusted_ptrPKSt9type_infoS1_PPv
                0x0041a4c0       0x60 C:/Program Files/ETAS/ISOLAR-EVE3.0/plugins/com.etas.evetools.toolsfolder_1.4.5/Tools/MinGW/bin/../lib/gcc/i686-w64-mingw32/4.9.2\libstdc++.a(eh_personality.o)
 .text$_ZL17parse_lsda_headerP15_Unwind_ContextPKhP16lsda_header_info
                0x0041a520       0xf0 C:/Program Files/ETAS/ISOLAR-EVE3.0/plugins/com.etas.evetools.toolsfolder_1.4.5/Tools/MinGW/bin/../lib/gcc/i686-w64-mingw32/4.9.2\libstdc++.a(eh_personality.o)
 .text$_ZL20check_exception_specP16lsda_header_infoPKSt9type_infoPvl
                0x0041a610       0x70 C:/Program Files/ETAS/ISOLAR-EVE3.0/plugins/com.etas.evetools.toolsfolder_1.4.5/Tools/MinGW/bin/../lib/gcc/i686-w64-mingw32/4.9.2\libstdc++.a(eh_personality.o)
 .text$_ZL21base_of_encoded_valuehP15_Unwind_Context
                0x0041a680       0x70 C:/Program Files/ETAS/ISOLAR-EVE3.0/plugins/com.etas.evetools.toolsfolder_1.4.5/Tools/MinGW/bin/../lib/gcc/i686-w64-mingw32/4.9.2\libstdc++.a(eh_personality.o)
 .text$_ZL23__gxx_exception_cleanup19_Unwind_Reason_CodeP17_Unwind_Exception
                0x0041a6f0       0x50 C:/Program Files/ETAS/ISOLAR-EVE3.0/plugins/com.etas.evetools.toolsfolder_1.4.5/Tools/MinGW/bin/../lib/gcc/i686-w64-mingw32/4.9.2\libstdc++.a(eh_throw.o)
 .text$_ZL28read_encoded_value_with_basehjPKhPj
                0x0041a740       0xf0 C:/Program Files/ETAS/ISOLAR-EVE3.0/plugins/com.etas.evetools.toolsfolder_1.4.5/Tools/MinGW/bin/../lib/gcc/i686-w64-mingw32/4.9.2\libstdc++.a(eh_personality.o)
 .text$_ZN10__cxxabiv111__terminateEPFvvE
                0x0041a830       0x40 C:/Program Files/ETAS/ISOLAR-EVE3.0/plugins/com.etas.evetools.toolsfolder_1.4.5/Tools/MinGW/bin/../lib/gcc/i686-w64-mingw32/4.9.2\libstdc++.a(eh_terminate.o)
                0x0041a830                __cxxabiv1::__terminate(void (*)())
 .text$_ZN10__cxxabiv112__unexpectedEPFvvE
                0x0041a870       0x10 C:/Program Files/ETAS/ISOLAR-EVE3.0/plugins/com.etas.evetools.toolsfolder_1.4.5/Tools/MinGW/bin/../lib/gcc/i686-w64-mingw32/4.9.2\libstdc++.a(eh_terminate.o)
                0x0041a870                __cxxabiv1::__unexpected(void (*)())
 .text$_ZN10__cxxabiv115__forced_unwindD0Ev
                0x0041a880       0x10 C:/Program Files/ETAS/ISOLAR-EVE3.0/plugins/com.etas.evetools.toolsfolder_1.4.5/Tools/MinGW/bin/../lib/gcc/i686-w64-mingw32/4.9.2\libstdc++.a(eh_exception.o)
                0x0041a880                __cxxabiv1::__forced_unwind::~__forced_unwind()
 .text$_ZN10__cxxabiv115__forced_unwindD2Ev
                0x0041a890       0x10 C:/Program Files/ETAS/ISOLAR-EVE3.0/plugins/com.etas.evetools.toolsfolder_1.4.5/Tools/MinGW/bin/../lib/gcc/i686-w64-mingw32/4.9.2\libstdc++.a(eh_exception.o)
                0x0041a890                __cxxabiv1::__forced_unwind::~__forced_unwind()
                0x0041a890                __cxxabiv1::__forced_unwind::~__forced_unwind()
 .text$_ZN10__cxxabiv117__class_type_infoD0Ev
                0x0041a8a0       0x20 C:/Program Files/ETAS/ISOLAR-EVE3.0/plugins/com.etas.evetools.toolsfolder_1.4.5/Tools/MinGW/bin/../lib/gcc/i686-w64-mingw32/4.9.2\libstdc++.a(class_type_info.o)
                0x0041a8a0                __cxxabiv1::__class_type_info::~__class_type_info()
 .text$_ZN10__cxxabiv117__class_type_infoD2Ev
                0x0041a8c0       0x10 C:/Program Files/ETAS/ISOLAR-EVE3.0/plugins/com.etas.evetools.toolsfolder_1.4.5/Tools/MinGW/bin/../lib/gcc/i686-w64-mingw32/4.9.2\libstdc++.a(class_type_info.o)
                0x0041a8c0                __cxxabiv1::__class_type_info::~__class_type_info()
                0x0041a8c0                __cxxabiv1::__class_type_info::~__class_type_info()
 .text$_ZN10__cxxabiv119__foreign_exceptionD0Ev
                0x0041a8d0       0x10 C:/Program Files/ETAS/ISOLAR-EVE3.0/plugins/com.etas.evetools.toolsfolder_1.4.5/Tools/MinGW/bin/../lib/gcc/i686-w64-mingw32/4.9.2\libstdc++.a(eh_exception.o)
                0x0041a8d0                __cxxabiv1::__foreign_exception::~__foreign_exception()
 .text$_ZN10__cxxabiv119__foreign_exceptionD2Ev
                0x0041a8e0       0x10 C:/Program Files/ETAS/ISOLAR-EVE3.0/plugins/com.etas.evetools.toolsfolder_1.4.5/Tools/MinGW/bin/../lib/gcc/i686-w64-mingw32/4.9.2\libstdc++.a(eh_exception.o)
                0x0041a8e0                __cxxabiv1::__foreign_exception::~__foreign_exception()
                0x0041a8e0                __cxxabiv1::__foreign_exception::~__foreign_exception()
 .text$_ZN10__cxxabiv120__si_class_type_infoD0Ev
                0x0041a8f0       0x20 C:/Program Files/ETAS/ISOLAR-EVE3.0/plugins/com.etas.evetools.toolsfolder_1.4.5/Tools/MinGW/bin/../lib/gcc/i686-w64-mingw32/4.9.2\libstdc++.a(si_class_type_info.o)
                0x0041a8f0                __cxxabiv1::__si_class_type_info::~__si_class_type_info()
 .text$_ZN10__cxxabiv120__si_class_type_infoD2Ev
                0x0041a910       0x10 C:/Program Files/ETAS/ISOLAR-EVE3.0/plugins/com.etas.evetools.toolsfolder_1.4.5/Tools/MinGW/bin/../lib/gcc/i686-w64-mingw32/4.9.2\libstdc++.a(si_class_type_info.o)
                0x0041a910                __cxxabiv1::__si_class_type_info::~__si_class_type_info()
                0x0041a910                __cxxabiv1::__si_class_type_info::~__si_class_type_info()
 .text$_ZN10__cxxabiv121__vmi_class_type_infoD0Ev
                0x0041a920       0x20 C:/Program Files/ETAS/ISOLAR-EVE3.0/plugins/com.etas.evetools.toolsfolder_1.4.5/Tools/MinGW/bin/../lib/gcc/i686-w64-mingw32/4.9.2\libstdc++.a(vmi_class_type_info.o)
                0x0041a920                __cxxabiv1::__vmi_class_type_info::~__vmi_class_type_info()
 .text$_ZN10__cxxabiv121__vmi_class_type_infoD2Ev
                0x0041a940       0x10 C:/Program Files/ETAS/ISOLAR-EVE3.0/plugins/com.etas.evetools.toolsfolder_1.4.5/Tools/MinGW/bin/../lib/gcc/i686-w64-mingw32/4.9.2\libstdc++.a(vmi_class_type_info.o)
                0x0041a940                __cxxabiv1::__vmi_class_type_info::~__vmi_class_type_info()
                0x0041a940                __cxxabiv1::__vmi_class_type_info::~__vmi_class_type_info()
 .text$_ZN10vrtaDevice17GetPersistentDataEv
                0x0041a950       0x10 RTAOS.lib(vrtaCore.o)
                0x0041a950                vrtaDevice::GetPersistentData()
 .text$_ZN10vrtaDevice17SetPersistentDataEPht
                0x0041a960       0x10 RTAOS.lib(vrtaCore.o)
                0x0041a960                vrtaDevice::SetPersistentData(unsigned char*, unsigned short)
 .text$_ZN10vrtaDevice21GetPersistentDataSizeEv
                0x0041a970       0x10 RTAOS.lib(vrtaCore.o)
                0x0041a970                vrtaDevice::GetPersistentDataSize()
 .text$_ZN10vrtaSensor17GetPersistentDataEv
                0x0041a980       0x40 RTAOS.lib(vrtaSampleDevices.o)
                0x0041a980                vrtaSensor::GetPersistentData()
 .text$_ZN10vrtaSensor21GetPersistentDataSizeEv
                0x0041a9c0       0x10 RTAOS.lib(vrtaSampleDevices.o)
                0x0041a9c0                vrtaSensor::GetPersistentDataSize()
 .text$_ZN10vrtaSensor8StartingEv
                0x0041a9d0       0x10 RTAOS.lib(vrtaSampleDevices.o)
                0x0041a9d0                vrtaSensor::Starting()
 .text$_ZN10vrtaSensor8StoppingEv
                0x0041a9e0       0x10 RTAOS.lib(vrtaSampleDevices.o)
                0x0041a9e0                vrtaSensor::Stopping()
 .text$_ZN11vrtaCompare17GetPersistentDataEv
                0x0041a9f0       0x10 RTAOS.lib(vrtaSampleDevices.o)
                0x0041a9f0                vrtaCompare::GetPersistentData()
 .text$_ZN11vrtaCompare21GetPersistentDataSizeEv
                0x0041aa00       0x10 RTAOS.lib(vrtaSampleDevices.o)
                0x0041aa00                vrtaCompare::GetPersistentDataSize()
 .text$_ZN11vrtaCompare8StartingEv
                0x0041aa10       0x10 RTAOS.lib(vrtaSampleDevices.o)
                0x0041aa10                vrtaCompare::Starting()
 .text$_ZN11vrtaCompare8StoppingEv
                0x0041aa20       0x10 RTAOS.lib(vrtaSampleDevices.o)
                0x0041aa20                vrtaCompare::Stopping()
 .text$_ZN11vrtaCounter17GetPersistentDataEv
                0x0041aa30       0x40 RTAOS.lib(vrtaSampleDevices.o)
                0x0041aa30                vrtaCounter::GetPersistentData()
 .text$_ZN11vrtaCounter21GetPersistentDataSizeEv
                0x0041aa70       0x10 RTAOS.lib(vrtaSampleDevices.o)
                0x0041aa70                vrtaCounter::GetPersistentDataSize()
 .text$_ZN12vrtaActuator17GetPersistentDataEv
                0x0041aa80       0x40 RTAOS.lib(vrtaSampleDevices.o)
                0x0041aa80                vrtaActuator::GetPersistentData()
 .text$_ZN12vrtaActuator21GetPersistentDataSizeEv
                0x0041aac0       0x10 RTAOS.lib(vrtaSampleDevices.o)
                0x0041aac0                vrtaActuator::GetPersistentDataSize()
 .text$_ZN12vrtaActuator8StartingEv
                0x0041aad0       0x10 RTAOS.lib(vrtaSampleDevices.o)
                0x0041aad0                vrtaActuator::Starting()
 .text$_ZN12vrtaActuator8StoppingEv
                0x0041aae0       0x10 RTAOS.lib(vrtaSampleDevices.o)
                0x0041aae0                vrtaActuator::Stopping()
 .text$_ZN13VirtualDevice10ActionListD0Ev
                0x0041aaf0       0x30 RTAOS.lib(virtualDevice.o)
                0x0041aaf0                VirtualDevice::ActionList::~ActionList()
 .text$_ZN13VirtualDevice10ActionListD1Ev
                0x0041ab20       0x20 RTAOS.lib(virtualDevice.o)
                0x0041ab20                VirtualDevice::ActionList::~ActionList()
 .text$_ZN13VirtualDevice7OptListD0Ev
                0x0041ab40       0x30 RTAOS.lib(virtualDevice.o)
                0x0041ab40                VirtualDevice::OptList::~OptList()
 .text$_ZN13VirtualDevice7OptListD1Ev
                0x0041ab70       0x20 RTAOS.lib(virtualDevice.o)
                0x0041ab70                VirtualDevice::OptList::~OptList()
 .text$_ZN13VirtualDevice8StartingEv
                0x0041ab90       0x10 RTAOS.lib(vrtaOSMonitorDevice.o)
                0x0041ab90                VirtualDevice::Starting()
 .text$_ZN13VirtualDevice8StoppingEv
                0x0041aba0       0x10 RTAOS.lib(vrtaOSMonitorDevice.o)
                0x0041aba0                VirtualDevice::Stopping()
 .text$_ZN13VirtualDevice9EventListD0Ev
                0x0041abb0       0x30 RTAOS.lib(virtualDevice.o)
                0x0041abb0                VirtualDevice::EventList::~EventList()
 .text$_ZN13VirtualDevice9EventListD1Ev
                0x0041abe0       0x20 RTAOS.lib(virtualDevice.o)
                0x0041abe0                VirtualDevice::EventList::~EventList()
 .text$_ZN13vrtaBaseClock17GetPersistentDataEv
                0x0041ac00       0x20 RTAOS.lib(vrtaSampleDevices.o)
                0x0041ac00                vrtaBaseClock::GetPersistentData()
 .text$_ZN13vrtaBaseClock21GetPersistentDataSizeEv
                0x0041ac20       0x10 RTAOS.lib(vrtaSampleDevices.o)
                0x0041ac20                vrtaBaseClock::GetPersistentDataSize()
 .text$_ZN13vrtaBaseClock4StopEv
                0x0041ac30       0x10 RTAOS.lib(vrtaSampleDevices.o)
                0x0041ac30                vrtaBaseClock::Stop()
 .text$_ZN13vrtaBaseClock8StoppingEv
                0x0041ac40       0x10 RTAOS.lib(vrtaSampleDevices.o)
                0x0041ac40                vrtaBaseClock::Stopping()
 .text$_ZN13vrtaUpCounterC1EPcR13vrtaBaseClock
                0x0041ac50       0x38 EVE_SystemClock.o
                0x0041ac50                vrtaUpCounter::vrtaUpCounter(char*, vrtaBaseClock&)
 *fill*         0x0041ac88        0x8 
 .text$_ZN14vrtaComparable17GetPersistentDataEv
                0x0041ac90       0x10 RTAOS.lib(vrtaSampleDevices.o)
                0x0041ac90                vrtaComparable::GetPersistentData()
 .text$_ZN14vrtaComparable21GetPersistentDataSizeEv
                0x0041aca0       0x10 RTAOS.lib(vrtaSampleDevices.o)
                0x0041aca0                vrtaComparable::GetPersistentDataSize()
 .text$_ZN14vrtaComparable5ValueEv
                0x0041acb0       0x14 EVE_SystemClock.o
                0x0041acb0                vrtaComparable::Value()
 *fill*         0x0041acc4        0xc 
 .text$_ZN14vrtaComparable6SetValEj
                0x0041acd0       0x10 RTAOS.lib(vrtaSampleDevices.o)
                0x0041acd0                vrtaComparable::SetVal(unsigned int)
 .text$_ZN14vrtaComparable8SetValueEj
                0x0041ace0       0x2c VirtualDevices.o
                0x0041ace0                vrtaComparable::SetValue(unsigned int)
 *fill*         0x0041ad0c        0x4 
 .text$_ZN17SystemClockDevice10AutoActionERK10vrtaAction
                0x0041ad10       0x40 RTAOS.lib(vrtaSystemClockDevice.o)
                0x0041ad10                SystemClockDevice::AutoAction(vrtaAction const&)
 .text$_ZN17SystemClockDevice10CSLIFEventER9vrtaEvent
                0x0041ad50       0x40 RTAOS.lib(vrtaSystemClockDevice.o)
                0x0041ad50                SystemClockDevice::CSLIFEvent(vrtaEvent&)
 .text$_ZN17SystemClockDevice10ScaleEventER9vrtaEvent
                0x0041ad90       0x30 RTAOS.lib(vrtaSystemClockDevice.o)
                0x0041ad90                SystemClockDevice::ScaleEvent(vrtaEvent&)
 .text$_ZN17SystemClockDevice10TicksEventER9vrtaEvent
                0x0041adc0       0x20 RTAOS.lib(vrtaSystemClockDevice.o)
                0x0041adc0                SystemClockDevice::TicksEvent(vrtaEvent&)
 .text$_ZN17SystemClockDevice11DirectEventER9vrtaEvent
                0x0041ade0       0xa0 RTAOS.lib(vrtaSystemClockDevice.o)
                0x0041ade0                SystemClockDevice::DirectEvent(vrtaEvent&)
 .text$_ZN17SystemClockDevice11PauseActionERK10vrtaAction
                0x0041ae80       0x40 RTAOS.lib(vrtaSystemClockDevice.o)
                0x0041ae80                SystemClockDevice::PauseAction(vrtaAction const&)
 .text$_ZN17SystemClockDevice11ScaleActionERK10vrtaAction
                0x0041aec0       0x40 RTAOS.lib(vrtaSystemClockDevice.o)
                0x0041aec0                SystemClockDevice::ScaleAction(vrtaAction const&)
 .text$_ZN17SystemClockDevice11TickEndDataER9vrtaEvent
                0x0041af00       0x90 RTAOS.lib(vrtaSystemClockDevice.o)
                0x0041af00                SystemClockDevice::TickEndData(vrtaEvent&)
 .text$_ZN17SystemClockDevice12DirectActionERK10vrtaAction
                0x0041af90       0x40 RTAOS.lib(vrtaSystemClockDevice.o)
                0x0041af90                SystemClockDevice::DirectAction(vrtaAction const&)
 .text$_ZN17SystemClockDevice12DirectFreezeERK10vrtaAction
                0x0041afd0       0x30 RTAOS.lib(vrtaSystemClockDevice.o)
                0x0041afd0                SystemClockDevice::DirectFreeze(vrtaAction const&)
 .text$_ZN17SystemClockDevice12ResumeActionERK10vrtaAction
                0x0041b000       0x40 RTAOS.lib(vrtaSystemClockDevice.o)
                0x0041b000                SystemClockDevice::ResumeAction(vrtaAction const&)
 .text$_ZN17SystemClockDevice13GetDeviceInfoERN13VirtualDevice7OptListE
                0x0041b040       0x60 RTAOS.lib(vrtaSystemClockDevice.o)
                0x0041b040                SystemClockDevice::GetDeviceInfo(VirtualDevice::OptList&)
 .text$_ZN17SystemClockDevice13MonitorEventsERK10vrtaAction
                0x0041b0a0       0x90 RTAOS.lib(vrtaSystemClockDevice.o)
                0x0041b0a0                SystemClockDevice::MonitorEvents(vrtaAction const&)
 .text$_ZN17SystemClockDevice13StrategyEventER9vrtaEvent
                0x0041b130       0x40 RTAOS.lib(vrtaSystemClockDevice.o)
                0x0041b130                SystemClockDevice::StrategyEvent(vrtaEvent&)
 .text$_ZN17SystemClockDevice13UpdateAndTickERK10vrtaAction
                0x0041b170       0xe0 RTAOS.lib(vrtaSystemClockDevice.o)
                0x0041b170                SystemClockDevice::UpdateAndTick(vrtaAction const&)
 .text$_ZN17SystemClockDevice14IdleTickActionERK10vrtaAction
                0x0041b250       0x40 RTAOS.lib(vrtaSystemClockDevice.o)
                0x0041b250                SystemClockDevice::IdleTickAction(vrtaAction const&)
 .text$_ZN17SystemClockDevice14StrategyActionERK10vrtaAction
                0x0041b290       0x50 RTAOS.lib(vrtaSystemClockDevice.o)
                0x0041b290                SystemClockDevice::StrategyAction(vrtaAction const&)
 .text$_ZN17SystemClockDevice15DirectTickYieldERK10vrtaAction
                0x0041b2e0       0x30 RTAOS.lib(vrtaSystemClockDevice.o)
                0x0041b2e0                SystemClockDevice::DirectTickYield(vrtaAction const&)
 .text$_ZN17SystemClockDevice15GetDeviceEventsERN13VirtualDevice9EventListE
                0x0041b310      0x3c0 RTAOS.lib(vrtaSystemClockDevice.o)
                0x0041b310                SystemClockDevice::GetDeviceEvents(VirtualDevice::EventList&)
 .text$_ZN17SystemClockDevice16GetDeviceActionsERN13VirtualDevice10ActionListE
                0x0041b6d0      0x3e0 RTAOS.lib(vrtaSystemClockDevice.o)
                0x0041b6d0                SystemClockDevice::GetDeviceActions(VirtualDevice::ActionList&)
 .text$_ZN17SystemClockDevice19TicksRemainingEventER9vrtaEvent
                0x0041bab0       0x30 RTAOS.lib(vrtaSystemClockDevice.o)
                0x0041bab0                SystemClockDevice::TicksRemainingEvent(vrtaEvent&)
 .text$_ZN17SystemClockDevice20DirectTickYieldEventER9vrtaEvent
                0x0041bae0       0x40 RTAOS.lib(vrtaSystemClockDevice.o)
                0x0041bae0                SystemClockDevice::DirectTickYieldEvent(vrtaEvent&)
 .text$_ZN17SystemClockDevice5CSLIFERK10vrtaAction
                0x0041bb20      0x1e0 RTAOS.lib(vrtaSystemClockDevice.o)
                0x0041bb20                SystemClockDevice::CSLIF(vrtaAction const&)
 .text$_ZN17SystemClockDevice7MSEventER9vrtaEvent
                0x0041bd00       0x30 RTAOS.lib(vrtaSystemClockDevice.o)
                0x0041bd00                SystemClockDevice::MSEvent(vrtaEvent&)
 .text$_ZN17SystemClockDevice9ModeEventER9vrtaEvent
                0x0041bd30       0x60 RTAOS.lib(vrtaSystemClockDevice.o)
                0x0041bd30                SystemClockDevice::ModeEvent(vrtaEvent&)
 .text$_ZN17SystemClockDeviceD0Ev
                0x0041bd90       0x20 RTAOS.lib(vrtaSystemClockDevice.o)
                0x0041bd90                SystemClockDevice::~SystemClockDevice()
 .text$_ZN17SystemClockDeviceD1Ev
                0x0041bdb0       0x10 RTAOS.lib(vrtaSystemClockDevice.o)
                0x0041bdb0                SystemClockDevice::~SystemClockDevice()
 .text$_ZN17vrtaAdaptiveClockD0Ev
                0x0041bdc0       0x30 RTAOS.lib(vrtaSampleDevices.o)
                0x0041bdc0                vrtaAdaptiveClock::~vrtaAdaptiveClock()
 .text$_ZN17vrtaAdaptiveClockD1Ev
                0x0041bdf0       0x20 RTAOS.lib(vrtaSampleDevices.o)
                0x0041bdf0                vrtaAdaptiveClock::~vrtaAdaptiveClock()
 .text$_ZN26vrtaSystemClockIdleHandler4IdleEj
                0x0041be10      0x100 RTAOS.lib(vrtaSystemClock.o)
                0x0041be10                vrtaSystemClockIdleHandler::Idle(unsigned int)
 .text$_ZN34vrtaCustomTickSourceImplementation4TickEv
                0x0041bf10       0x30 RTAOS.lib(vrtaSystemClock.o)
                0x0041bf10                vrtaCustomTickSourceImplementation::Tick()
 .text$_ZN34vrtaCustomTickSourceImplementationD0Ev
                0x0041bf40       0x30 RTAOS.lib(vrtaSystemClock.o)
                0x0041bf40                vrtaCustomTickSourceImplementation::~vrtaCustomTickSourceImplementation()
 .text$_ZN34vrtaCustomTickSourceImplementationD1Ev
                0x0041bf70       0x30 RTAOS.lib(vrtaSystemClock.o)
                0x0041bf70                vrtaCustomTickSourceImplementation::~vrtaCustomTickSourceImplementation()
 .text$_ZN6OsCore10RunningISRER9vrtaEvent
                0x0041bfa0       0x30 RTAOS.lib(vrtaOSMonitorDevice.o)
                0x0041bfa0                OsCore::RunningISR(vrtaEvent&)
 .text$_ZN6OsCore11RunningTaskER9vrtaEvent
                0x0041bfd0       0x50 RTAOS.lib(vrtaOSMonitorDevice.o)
                0x0041bfd0                OsCore::RunningTask(vrtaEvent&)
 .text$_ZN6OsCore13GetDeviceInfoERN13VirtualDevice7OptListE
                0x0041c020       0x80 RTAOS.lib(vrtaOSMonitorDevice.o)
                0x0041c020                OsCore::GetDeviceInfo(VirtualDevice::OptList&)
 .text$_ZN6OsCore15GetDeviceEventsERN13VirtualDevice9EventListE
                0x0041c0a0      0x240 RTAOS.lib(vrtaOSMonitorDevice.o)
                0x0041c0a0                OsCore::GetDeviceEvents(VirtualDevice::EventList&)
 .text$_ZN6OsCore16GetDeviceActionsERN13VirtualDevice10ActionListE
                0x0041c2e0       0x70 RTAOS.lib(vrtaOSMonitorDevice.o)
                0x0041c2e0                OsCore::GetDeviceActions(VirtualDevice::ActionList&)
 .text$_ZN6OsCore5AppIDER9vrtaEvent
                0x0041c350       0x20 RTAOS.lib(vrtaOSMonitorDevice.o)
                0x0041c350                OsCore::AppID(vrtaEvent&)
 .text$_ZN6OsCore5IdlesER9vrtaEvent
                0x0041c370       0x20 RTAOS.lib(vrtaOSMonitorDevice.o)
                0x0041c370                OsCore::Idles(vrtaEvent&)
 .text$_ZN6OsCore6ParentER9vrtaEvent
                0x0041c390       0x30 RTAOS.lib(vrtaOSMonitorDevice.o)
                0x0041c390                OsCore::Parent(vrtaEvent&)
 .text$_ZN6OsCore7IdleSetERK10vrtaAction
                0x0041c3c0       0x10 RTAOS.lib(vrtaOSMonitorDevice.o)
                0x0041c3c0                OsCore::IdleSet(vrtaAction const&)
 .text$_ZN6OsCore9LastErrorER9vrtaEvent
                0x0041c3d0       0x30 RTAOS.lib(vrtaOSMonitorDevice.o)
                0x0041c3d0                OsCore::LastError(vrtaEvent&)
 .text$_ZN6OsCoreD0Ev
                0x0041c400       0x20 RTAOS.lib(vrtaOSMonitorDevice.o)
                0x0041c400                OsCore::~OsCore()
 .text$_ZN6OsCoreD1Ev
                0x0041c420       0x10 RTAOS.lib(vrtaOSMonitorDevice.o)
                0x0041c420                OsCore::~OsCore()
 .text$_ZN9OsMonitor12AppModeEventER9vrtaEvent
                0x0041c430       0x30 RTAOS.lib(vrtaOSMonitorDevice.o)
                0x0041c430                OsMonitor::AppModeEvent(vrtaEvent&)
 .text$_ZN9OsMonitor12TASKOsTask_0ER9vrtaEvent
                0x0041c460       0x50 RTAOS.lib(vrtaOSMonitorDevice.o)
                0x0041c460                OsMonitor::TASKOsTask_0(vrtaEvent&)
 .text$_ZN9OsMonitor12TASKOsTask_1ER9vrtaEvent
                0x0041c4b0       0x50 RTAOS.lib(vrtaOSMonitorDevice.o)
                0x0041c4b0                OsMonitor::TASKOsTask_1(vrtaEvent&)
 .text$_ZN9OsMonitor13GetDeviceInfoERN13VirtualDevice7OptListE
                0x0041c500      0x170 RTAOS.lib(vrtaOSMonitorDevice.o)
                0x0041c500                OsMonitor::GetDeviceInfo(VirtualDevice::OptList&)